Archive member included to satisfy reference by file (symbol)

/Applications/Ac6/SystemWorkbench.app/Contents/Eclipse/plugins/fr.ac6.mcu.externaltools.arm-none.macos64_1.13.1.201703061524/tools/compiler/bin/../lib/gcc/arm-none-eabi/5.4.1/../../../../arm-none-eabi/lib/armv7e-m/fpu/fpv5-d16/libc_nano.a(lib_a-errno.o)
                              Src/syscalls.o (__errno)
/Applications/Ac6/SystemWorkbench.app/Contents/Eclipse/plugins/fr.ac6.mcu.externaltools.arm-none.macos64_1.13.1.201703061524/tools/compiler/bin/../lib/gcc/arm-none-eabi/5.4.1/../../../../arm-none-eabi/lib/armv7e-m/fpu/fpv5-d16/libc_nano.a(lib_a-exit.o)
                              /Applications/Ac6/SystemWorkbench.app/Contents/Eclipse/plugins/fr.ac6.mcu.externaltools.arm-none.macos64_1.13.1.201703061524/tools/compiler/bin/../lib/gcc/arm-none-eabi/5.4.1/../../../../arm-none-eabi/lib/armv7e-m/fpu/fpv5-d16/crt0.o (exit)
/Applications/Ac6/SystemWorkbench.app/Contents/Eclipse/plugins/fr.ac6.mcu.externaltools.arm-none.macos64_1.13.1.201703061524/tools/compiler/bin/../lib/gcc/arm-none-eabi/5.4.1/../../../../arm-none-eabi/lib/armv7e-m/fpu/fpv5-d16/libc_nano.a(lib_a-impure.o)
                              /Applications/Ac6/SystemWorkbench.app/Contents/Eclipse/plugins/fr.ac6.mcu.externaltools.arm-none.macos64_1.13.1.201703061524/tools/compiler/bin/../lib/gcc/arm-none-eabi/5.4.1/../../../../arm-none-eabi/lib/armv7e-m/fpu/fpv5-d16/libc_nano.a(lib_a-exit.o) (_global_impure_ptr)
/Applications/Ac6/SystemWorkbench.app/Contents/Eclipse/plugins/fr.ac6.mcu.externaltools.arm-none.macos64_1.13.1.201703061524/tools/compiler/bin/../lib/gcc/arm-none-eabi/5.4.1/../../../../arm-none-eabi/lib/armv7e-m/fpu/fpv5-d16/libc_nano.a(lib_a-init.o)
                              /Applications/Ac6/SystemWorkbench.app/Contents/Eclipse/plugins/fr.ac6.mcu.externaltools.arm-none.macos64_1.13.1.201703061524/tools/compiler/bin/../lib/gcc/arm-none-eabi/5.4.1/../../../../arm-none-eabi/lib/armv7e-m/fpu/fpv5-d16/crt0.o (__libc_init_array)
/Applications/Ac6/SystemWorkbench.app/Contents/Eclipse/plugins/fr.ac6.mcu.externaltools.arm-none.macos64_1.13.1.201703061524/tools/compiler/bin/../lib/gcc/arm-none-eabi/5.4.1/../../../../arm-none-eabi/lib/armv7e-m/fpu/fpv5-d16/libc_nano.a(lib_a-memset.o)
                              /Applications/Ac6/SystemWorkbench.app/Contents/Eclipse/plugins/fr.ac6.mcu.externaltools.arm-none.macos64_1.13.1.201703061524/tools/compiler/bin/../lib/gcc/arm-none-eabi/5.4.1/../../../../arm-none-eabi/lib/armv7e-m/fpu/fpv5-d16/crt0.o (memset)
/Applications/Ac6/SystemWorkbench.app/Contents/Eclipse/plugins/fr.ac6.mcu.externaltools.arm-none.macos64_1.13.1.201703061524/tools/compiler/bin/../lib/gcc/arm-none-eabi/5.4.1/../../../../arm-none-eabi/lib/armv7e-m/fpu/fpv5-d16/libc_nano.a(lib_a-printf.o)
                              Src/main.o (printf)
/Applications/Ac6/SystemWorkbench.app/Contents/Eclipse/plugins/fr.ac6.mcu.externaltools.arm-none.macos64_1.13.1.201703061524/tools/compiler/bin/../lib/gcc/arm-none-eabi/5.4.1/../../../../arm-none-eabi/lib/armv7e-m/fpu/fpv5-d16/libc_nano.a(lib_a-puts.o)
                              Src/main.o (puts)
/Applications/Ac6/SystemWorkbench.app/Contents/Eclipse/plugins/fr.ac6.mcu.externaltools.arm-none.macos64_1.13.1.201703061524/tools/compiler/bin/../lib/gcc/arm-none-eabi/5.4.1/../../../../arm-none-eabi/lib/armv7e-m/fpu/fpv5-d16/libc_nano.a(lib_a-wbuf.o)
                              /Applications/Ac6/SystemWorkbench.app/Contents/Eclipse/plugins/fr.ac6.mcu.externaltools.arm-none.macos64_1.13.1.201703061524/tools/compiler/bin/../lib/gcc/arm-none-eabi/5.4.1/../../../../arm-none-eabi/lib/armv7e-m/fpu/fpv5-d16/libc_nano.a(lib_a-puts.o) (__swbuf_r)
/Applications/Ac6/SystemWorkbench.app/Contents/Eclipse/plugins/fr.ac6.mcu.externaltools.arm-none.macos64_1.13.1.201703061524/tools/compiler/bin/../lib/gcc/arm-none-eabi/5.4.1/../../../../arm-none-eabi/lib/armv7e-m/fpu/fpv5-d16/libc_nano.a(lib_a-wsetup.o)
                              /Applications/Ac6/SystemWorkbench.app/Contents/Eclipse/plugins/fr.ac6.mcu.externaltools.arm-none.macos64_1.13.1.201703061524/tools/compiler/bin/../lib/gcc/arm-none-eabi/5.4.1/../../../../arm-none-eabi/lib/armv7e-m/fpu/fpv5-d16/libc_nano.a(lib_a-puts.o) (__swsetup_r)
/Applications/Ac6/SystemWorkbench.app/Contents/Eclipse/plugins/fr.ac6.mcu.externaltools.arm-none.macos64_1.13.1.201703061524/tools/compiler/bin/../lib/gcc/arm-none-eabi/5.4.1/../../../../arm-none-eabi/lib/armv7e-m/fpu/fpv5-d16/libc_nano.a(lib_a-fflush.o)
                              /Applications/Ac6/SystemWorkbench.app/Contents/Eclipse/plugins/fr.ac6.mcu.externaltools.arm-none.macos64_1.13.1.201703061524/tools/compiler/bin/../lib/gcc/arm-none-eabi/5.4.1/../../../../arm-none-eabi/lib/armv7e-m/fpu/fpv5-d16/libc_nano.a(lib_a-wbuf.o) (_fflush_r)
[...]
Memory Configuration

Name             Origin             Length             Attributes
RAM              0x0000000020000000 0x0000000000080000 xrw
FLASH            0x0000000008000000 0x0000000000200000 xr
*default*        0x0000000000000000 0xffffffffffffffff

Linker script and memory map

LOAD /Applications/Ac6/SystemWorkbench.app/Contents/Eclipse/plugins/fr.ac6.mcu.externaltools.arm-none.macos64_1.13.1.201703061524/tools/compiler/bin/../lib/gcc/arm-none-eabi/5.4.1/armv7e-m/fpu/fpv5-d16/crti.o
LOAD /Applications/Ac6/SystemWorkbench.app/Contents/Eclipse/plugins/fr.ac6.mcu.externaltools.arm-none.macos64_1.13.1.201703061524/tools/compiler/bin/../lib/gcc/arm-none-eabi/5.4.1/armv7e-m/fpu/fpv5-d16/crtbegin.o
LOAD /Applications/Ac6/SystemWorkbench.app/Contents/Eclipse/plugins/fr.ac6.mcu.externaltools.arm-none.macos64_1.13.1.201703061524/tools/compiler/bin/../lib/gcc/arm-none-eabi/5.4.1/../../../../arm-none-eabi/lib/armv7e-m/fpu/fpv5-d16/crt0.o
LOAD /Applications/Ac6/SystemWorkbench.app/Contents/Eclipse/plugins/fr.ac6.mcu.externaltools.arm-none.macos64_1.13.1.201703061524/tools/compiler/bin/../lib/gcc/arm-none-eabi/5.4.1/../../../../arm-none-eabi/lib/armv7e-m/fpu/fpv5-d16/libm.a
LOAD Drivers/BSP/Components/wm8994/wm8994.o
LOAD Drivers/BSP/STM32F769I-Discovery/stm32f769i_discovery.o
LOAD Drivers/BSP/STM32F769I-Discovery/stm32f769i_discovery_audio.o
LOAD Drivers/STM32F7xx_HAL_Driver/Src/stm32f7xx_hal.o
LOAD Drivers/STM32F7xx_HAL_Driver/Src/stm32f7xx_hal_cortex.o
LOAD Drivers/STM32F7xx_HAL_Driver/Src/stm32f7xx_hal_dfsdm.o
LOAD Drivers/STM32F7xx_HAL_Driver/Src/stm32f7xx_hal_dma.o
LOAD Drivers/STM32F7xx_HAL_Driver/Src/stm32f7xx_hal_dma_ex.o
LOAD Drivers/STM32F7xx_HAL_Driver/Src/stm32f7xx_hal_flash.o
LOAD Drivers/STM32F7xx_HAL_Driver/Src/stm32f7xx_hal_flash_ex.o
LOAD Drivers/STM32F7xx_HAL_Driver/Src/stm32f7xx_hal_gpio.o
LOAD Drivers/STM32F7xx_HAL_Driver/Src/stm32f7xx_hal_i2c.o
LOAD Drivers/STM32F7xx_HAL_Driver/Src/stm32f7xx_hal_i2c_ex.o
LOAD Drivers/STM32F7xx_HAL_Driver/Src/stm32f7xx_hal_pwr.o
LOAD Drivers/STM32F7xx_HAL_Driver/Src/stm32f7xx_hal_pwr_ex.o
LOAD Drivers/STM32F7xx_HAL_Driver/Src/stm32f7xx_hal_rcc.o
LOAD Drivers/STM32F7xx_HAL_Driver/Src/stm32f7xx_hal_rcc_ex.o
LOAD Drivers/STM32F7xx_HAL_Driver/Src/stm32f7xx_hal_sai.o
LOAD Drivers/STM32F7xx_HAL_Driver/Src/stm32f7xx_hal_sai_ex.o
LOAD Drivers/STM32F7xx_HAL_Driver/Src/stm32f7xx_hal_tim.o
LOAD Drivers/STM32F7xx_HAL_Driver/Src/stm32f7xx_hal_tim_ex.o
LOAD Drivers/STM32F7xx_HAL_Driver/Src/stm32f7xx_hal_uart.o
LOAD Src/dfsdm.o
LOAD Src/gpio.o
LOAD Src/main.o
LOAD Src/sai.o
LOAD Src/stm32f7xx_hal_msp.o
LOAD Src/stm32f7xx_it.o
LOAD Src/syscalls.o
LOAD Src/system_stm32f7xx.o
LOAD Src/usart.o
LOAD startup/startup_stm32f769xx.o
START GROUP
LOAD /Applications/Ac6/SystemWorkbench.app/Contents/Eclipse/plugins/fr.ac6.mcu.externaltools.arm-none.macos64_1.13.1.201703061524/tools/compiler/bin/../lib/gcc/arm-none-eabi/5.4.1/armv7e-m/fpu/fpv5-d16/libgcc.a
LOAD /Applications/Ac6/SystemWorkbench.app/Contents/Eclipse/plugins/fr.ac6.mcu.externaltools.arm-none.macos64_1.13.1.201703061524/tools/compiler/bin/../lib/gcc/arm-none-eabi/5.4.1/../../../../arm-none-eabi/lib/armv7e-m/fpu/fpv5-d16/libc_nano.a
END GROUP
START GROUP
LOAD /Applications/Ac6/SystemWorkbench.app/Contents/Eclipse/plugins/fr.ac6.mcu.externaltools.arm-none.macos64_1.13.1.201703061524/tools/compiler/bin/../lib/gcc/arm-none-eabi/5.4.1/armv7e-m/fpu/fpv5-d16/libgcc.a
LOAD /Applications/Ac6/SystemWorkbench.app/Contents/Eclipse/plugins/fr.ac6.mcu.externaltools.arm-none.macos64_1.13.1.201703061524/tools/compiler/bin/../lib/gcc/arm-none-eabi/5.4.1/../../../../arm-none-eabi/lib/armv7e-m/fpu/fpv5-d16/libc_nano.a
LOAD /Applications/Ac6/SystemWorkbench.app/Contents/Eclipse/plugins/fr.ac6.mcu.externaltools.arm-none.macos64_1.13.1.201703061524/tools/compiler/bin/../lib/gcc/arm-none-eabi/5.4.1/../../../../arm-none-eabi/lib/armv7e-m/fpu/fpv5-d16/libnosys.a
END GROUP
START GROUP
LOAD /Applications/Ac6/SystemWorkbench.app/Contents/Eclipse/plugins/fr.ac6.mcu.externaltools.arm-none.macos64_1.13.1.201703061524/tools/compiler/bin/../lib/gcc/arm-none-eabi/5.4.1/armv7e-m/fpu/fpv5-d16/libgcc.a
LOAD /Applications/Ac6/SystemWorkbench.app/Contents/Eclipse/plugins/fr.ac6.mcu.externaltools.arm-none.macos64_1.13.1.201703061524/tools/compiler/bin/../lib/gcc/arm-none-eabi/5.4.1/../../../../arm-none-eabi/lib/armv7e-m/fpu/fpv5-d16/libc_nano.a
LOAD /Applications/Ac6/SystemWorkbench.app/Contents/Eclipse/plugins/fr.ac6.mcu.externaltools.arm-none.macos64_1.13.1.201703061524/tools/compiler/bin/../lib/gcc/arm-none-eabi/5.4.1/../../../../arm-none-eabi/lib/armv7e-m/fpu/fpv5-d16/libnosys.a
END GROUP
LOAD /Applications/Ac6/SystemWorkbench.app/Contents/Eclipse/plugins/fr.ac6.mcu.externaltools.arm-none.macos64_1.13.1.201703061524/tools/compiler/bin/../lib/gcc/arm-none-eabi/5.4.1/armv7e-m/fpu/fpv5-d16/crtend.o
LOAD /Applications/Ac6/SystemWorkbench.app/Contents/Eclipse/plugins/fr.ac6.mcu.externaltools.arm-none.macos64_1.13.1.201703061524/tools/compiler/bin/../lib/gcc/arm-none-eabi/5.4.1/armv7e-m/fpu/fpv5-d16/crtn.o
                0x0000000020080000                _estack = 0x20080000
                0x0000000000000200                _Min_Heap_Size = 0x200
                0x0000000000000400                _Min_Stack_Size = 0x400

.isr_vector     0x0000000008000000      0x1f8
                0x0000000008000000                . = ALIGN (0x4)
 *(.isr_vector)
 .isr_vector    0x0000000008000000      0x1f8 startup/startup_stm32f769xx.o
                0x0000000008000000                g_pfnVectors
                0x00000000080001f8                . = ALIGN (0x4)

.text           0x0000000008000200     0x70e8
                0x0000000008000200                . = ALIGN (0x4)
 *(.text)
 .text          0x0000000008000200       0x5c /Applications/Ac6/SystemWorkbench.app/Contents/Eclipse/plugins/fr.ac6.mcu.externaltools.arm-none.macos64_1.13.1.201703061524/tools/compiler/bin/../lib/gcc/arm-none-eabi/5.4.1/armv7e-m/fpu/fpv5-d16/crtbegin.o
 *fill*         0x000000000800025c        0x4 
 .text          0x0000000008000260       0xa0 /Applications/Ac6/SystemWorkbench.app/Contents/Eclipse/plugins/fr.ac6.mcu.externaltools.arm-none.macos64_1.13.1.201703061524/tools/compiler/bin/../lib/gcc/arm-none-eabi/5.4.1/../../../../arm-none-eabi/lib/armv7e-m/fpu/fpv5-d16/libc_nano.a(lib_a-memchr.o)
                0x0000000008000260                memchr
 *(.text*)
 .text.CODEC_IO_Write
                0x0000000008000300        0xc Drivers/BSP/Components/wm8994/wm8994.o
 .text.wm8994_SetMute
                0x000000000800030c       0x58 Drivers/BSP/Components/wm8994/wm8994.o
                0x000000000800030c                wm8994_SetMute
 .text.wm8994_Play
                0x0000000008000364        0xc Drivers/BSP/Components/wm8994/wm8994.o
                0x0000000008000364                wm8994_Play
 .text.wm8994_Resume
                0x0000000008000370        0xc Drivers/BSP/Components/wm8994/wm8994.o
                0x0000000008000370                wm8994_Resume
 .text.wm8994_Pause
                0x000000000800037c       0x1c Drivers/BSP/Components/wm8994/wm8994.o
                0x000000000800037c                wm8994_Pause
 .text.wm8994_Stop
                0x0000000008000398       0x7c Drivers/BSP/Components/wm8994/wm8994.o
                0x0000000008000398                wm8994_Stop
 .text.wm8994_SetVolume
                0x0000000008000414      0x138 Drivers/BSP/Components/wm8994/wm8994.o
                0x0000000008000414                wm8994_SetVolume
 .text.wm8994_Init
                0x000000000800054c      0x708 Drivers/BSP/Components/wm8994/wm8994.o
                0x000000000800054c                wm8994_Init
 .text.wm8994_SetOutputMode
                0x0000000008000c54      0x138 Drivers/BSP/Components/wm8994/wm8994.o
                0x0000000008000c54                wm8994_SetOutputMode
 .text.wm8994_SetFrequency
                0x0000000008000d8c       0xb0 Drivers/BSP/Components/wm8994/wm8994.o
                0x0000000008000d8c                wm8994_SetFrequency
 .text.wm8994_Reset
                0x0000000008000e3c       0x1c Drivers/BSP/Components/wm8994/wm8994.o
                0x0000000008000e3c                wm8994_Reset
 .text.wm8994_DeInit
                0x0000000008000e58        0x8 Drivers/BSP/Components/wm8994/wm8994.o
                0x0000000008000e58                wm8994_DeInit
 .text.wm8994_ReadID
                0x0000000008000e60       0x14 Drivers/BSP/Components/wm8994/wm8994.o
                0x0000000008000e60                wm8994_ReadID
 .text.I2Cx_MspInit
                0x0000000008000e74      0x13c Drivers/BSP/STM32F769I-Discovery/stm32f769i_discovery.o
 .text.I2Cx_Init
                0x0000000008000fb0       0x4c Drivers/BSP/STM32F769I-Discovery/stm32f769i_discovery.o
 .text.I2Cx_Error
                0x0000000008000ffc       0x10 Drivers/BSP/STM32F769I-Discovery/stm32f769i_discovery.o
 .text.I2Cx_WriteMultiple
                0x000000000800100c       0x30 Drivers/BSP/STM32F769I-Discovery/stm32f769i_discovery.o
 .text.I2Cx_ReadMultiple
                0x000000000800103c       0x30 Drivers/BSP/STM32F769I-Discovery/stm32f769i_discovery.o
 .text.BSP_LED_Init
                0x000000000800106c       0x44 Drivers/BSP/STM32F769I-Discovery/stm32f769i_discovery.o
                0x000000000800106c                BSP_LED_Init
 .text.BSP_LED_On
                0x00000000080010b0       0x1c Drivers/BSP/STM32F769I-Discovery/stm32f769i_discovery.o
                0x00000000080010b0                BSP_LED_On
 .text.AUDIO_IO_Init
                0x00000000080010cc       0x10 Drivers/BSP/STM32F769I-Discovery/stm32f769i_discovery.o
                0x00000000080010cc                AUDIO_IO_Init
 .text.AUDIO_IO_DeInit
                0x00000000080010dc        0x4 Drivers/BSP/STM32F769I-Discovery/stm32f769i_discovery.o
                0x00000000080010dc                AUDIO_IO_DeInit
 .text.AUDIO_IO_Write
                0x00000000080010e0       0x2c Drivers/BSP/STM32F769I-Discovery/stm32f769i_discovery.o
                0x00000000080010e0                AUDIO_IO_Write
 .text.AUDIO_IO_Read
                0x000000000800110c       0x34 Drivers/BSP/STM32F769I-Discovery/stm32f769i_discovery.o
                0x000000000800110c                AUDIO_IO_Read
 .text.AUDIO_IO_Delay
                0x0000000008001140        0x8 Drivers/BSP/STM32F769I-Discovery/stm32f769i_discovery.o
                0x0000000008001140                AUDIO_IO_Delay
 .text.SAIx_Out_DeInit
                0x0000000008001148       0x20 Drivers/BSP/STM32F769I-Discovery/stm32f769i_discovery_audio.o
 .text.SAIx_In_DeInit
                0x0000000008001168       0x34 Drivers/BSP/STM32F769I-Discovery/stm32f769i_discovery_audio.o
 .text.SAIx_Out_Init
                0x000000000800119c       0x74 Drivers/BSP/STM32F769I-Discovery/stm32f769i_discovery_audio.o
 .text.SAIx_In_Init
                0x0000000008001210       0xfc Drivers/BSP/STM32F769I-Discovery/stm32f769i_discovery_audio.o
 .text.DFSDMx_ChannelMspInit
                0x000000000800130c       0x90 Drivers/BSP/STM32F769I-Discovery/stm32f769i_discovery_audio.o
 .text.DFSDMx_FilterMspInit
                0x000000000800139c      0x174 Drivers/BSP/STM32F769I-Discovery/stm32f769i_discovery_audio.o
 .text.SAI_AUDIO_IN_MspInit
                0x0000000008001510      0x10c Drivers/BSP/STM32F769I-Discovery/stm32f769i_discovery_audio.o
 .text.DFSDMx_Init
                0x000000000800161c      0x7ec Drivers/BSP/STM32F769I-Discovery/stm32f769i_discovery_audio.o
 .text.BSP_AUDIO_OUT_TransferComplete_CallBack
                0x0000000008001e08        0x4 Drivers/BSP/STM32F769I-Discovery/stm32f769i_discovery_audio.o
                0x0000000008001e08                BSP_AUDIO_OUT_TransferComplete_CallBack
 .text.HAL_SAI_TxCpltCallback
                0x0000000008001e0c        0x8 Drivers/BSP/STM32F769I-Discovery/stm32f769i_discovery_audio.o
                0x0000000008001e0c                HAL_SAI_TxCpltCallback
 .text.HAL_SAI_TxHalfCpltCallback
                0x0000000008001e14        0x8 Drivers/BSP/STM32F769I-Discovery/stm32f769i_discovery_audio.o
                0x0000000008001e14                HAL_SAI_TxHalfCpltCallback
 .text.BSP_AUDIO_OUT_Error_CallBack
                0x0000000008001e1c        0x4 Drivers/BSP/STM32F769I-Discovery/stm32f769i_discovery_audio.o
                0x0000000008001e1c                BSP_AUDIO_OUT_Error_CallBack
 .text.BSP_AUDIO_OUT_MspInit
                0x0000000008001e20      0x108 Drivers/BSP/STM32F769I-Discovery/stm32f769i_discovery_audio.o
                0x0000000008001e20                BSP_AUDIO_OUT_MspInit
 .text.BSP_AUDIO_OUT_ClockConfig
                0x0000000008001f28       0x6c Drivers/BSP/STM32F769I-Discovery/stm32f769i_discovery_audio.o
                0x0000000008001f28                BSP_AUDIO_OUT_ClockConfig
 .text.BSP_AUDIO_OUT_Init
                0x0000000008001f94       0x80 Drivers/BSP/STM32F769I-Discovery/stm32f769i_discovery_audio.o
                0x0000000008001f94                BSP_AUDIO_OUT_Init
 .text.HAL_SAI_RxCpltCallback
                0x0000000008002014        0x8 Drivers/BSP/STM32F769I-Discovery/stm32f769i_discovery_audio.o
                0x0000000008002014                HAL_SAI_RxCpltCallback
 .text.HAL_SAI_RxHalfCpltCallback
                0x000000000800201c        0x8 Drivers/BSP/STM32F769I-Discovery/stm32f769i_discovery_audio.o
                0x000000000800201c                HAL_SAI_RxHalfCpltCallback
 .text.HAL_SAI_ErrorCallback
                0x0000000008002024       0x1c Drivers/BSP/STM32F769I-Discovery/stm32f769i_discovery_audio.o
                0x0000000008002024                HAL_SAI_ErrorCallback
 .text.BSP_AUDIO_IN_MspInit
                0x0000000008002040       0x28 Drivers/BSP/STM32F769I-Discovery/stm32f769i_discovery_audio.o
                0x0000000008002040                BSP_AUDIO_IN_MspInit
 .text.BSP_AUDIO_IN_ClockConfig
                0x0000000008002068       0x7c Drivers/BSP/STM32F769I-Discovery/stm32f769i_discovery_audio.o
                0x0000000008002068                BSP_AUDIO_IN_ClockConfig
 .text.BSP_AUDIO_IN_InitEx
                0x00000000080020e4       0xac Drivers/BSP/STM32F769I-Discovery/stm32f769i_discovery_audio.o
                0x00000000080020e4                BSP_AUDIO_IN_InitEx
 .text.BSP_AUDIO_IN_Init
                0x0000000008002190       0x10 Drivers/BSP/STM32F769I-Discovery/stm32f769i_discovery_audio.o
                0x0000000008002190                BSP_AUDIO_IN_Init
 .text.HAL_InitTick
                0x00000000080021a0       0x2c Drivers/STM32F7xx_HAL_Driver/Src/stm32f7xx_hal.o
                0x00000000080021a0                HAL_InitTick
 .text.HAL_Init
                0x00000000080021cc       0x18 Drivers/STM32F7xx_HAL_Driver/Src/stm32f7xx_hal.o
                0x00000000080021cc                HAL_Init
 .text.HAL_IncTick
                0x00000000080021e4       0x10 Drivers/STM32F7xx_HAL_Driver/Src/stm32f7xx_hal.o
                0x00000000080021e4                HAL_IncTick
 .text.HAL_GetTick
                0x00000000080021f4        0xc Drivers/STM32F7xx_HAL_Driver/Src/stm32f7xx_hal.o
                0x00000000080021f4                HAL_GetTick
 .text.HAL_Delay
                0x0000000008002200       0x1c Drivers/STM32F7xx_HAL_Driver/Src/stm32f7xx_hal.o
                0x0000000008002200                HAL_Delay
 .text.HAL_NVIC_SetPriorityGrouping
                0x000000000800221c       0x24 Drivers/STM32F7xx_HAL_Driver/Src/stm32f7xx_hal_cortex.o
                0x000000000800221c                HAL_NVIC_SetPriorityGrouping
 .text.HAL_NVIC_SetPriority
                0x0000000008002240       0x60 Drivers/STM32F7xx_HAL_Driver/Src/stm32f7xx_hal_cortex.o
                0x0000000008002240                HAL_NVIC_SetPriority
 .text.HAL_NVIC_EnableIRQ
                0x00000000080022a0       0x18 Drivers/STM32F7xx_HAL_Driver/Src/stm32f7xx_hal_cortex.o
                0x00000000080022a0                HAL_NVIC_EnableIRQ
 .text.HAL_SYSTICK_Config
                0x00000000080022b8       0x2c Drivers/STM32F7xx_HAL_Driver/Src/stm32f7xx_hal_cortex.o
                0x00000000080022b8                HAL_SYSTICK_Config
 .text.HAL_SYSTICK_CLKSourceConfig
                0x00000000080022e4       0x20 Drivers/STM32F7xx_HAL_Driver/Src/stm32f7xx_hal_cortex.o
                0x00000000080022e4                HAL_SYSTICK_CLKSourceConfig
 .text.HAL_SYSTICK_Callback
                0x0000000008002304        0x4 Drivers/STM32F7xx_HAL_Driver/Src/stm32f7xx_hal_cortex.o
                0x0000000008002304                HAL_SYSTICK_Callback
 .text.HAL_SYSTICK_IRQHandler
                0x0000000008002308        0x8 Drivers/STM32F7xx_HAL_Driver/Src/stm32f7xx_hal_cortex.o
                0x0000000008002308                HAL_SYSTICK_IRQHandler
 .text.DFSDM_GetChannelFromInstance
                0x0000000008002310       0x58 Drivers/STM32F7xx_HAL_Driver/Src/stm32f7xx_hal_dfsdm.o
 .text.HAL_DFSDM_ChannelInit
                0x0000000008002368      0x138 Drivers/STM32F7xx_HAL_Driver/Src/stm32f7xx_hal_dfsdm.o
                0x0000000008002368                HAL_DFSDM_ChannelInit
 .text.HAL_DFSDM_FilterMspInit
                0x00000000080024a0        0x4 Drivers/STM32F7xx_HAL_Driver/Src/stm32f7xx_hal_dfsdm.o
                0x00000000080024a0                HAL_DFSDM_FilterMspInit
 .text.HAL_DFSDM_FilterInit
                0x00000000080024a4      0x138 Drivers/STM32F7xx_HAL_Driver/Src/stm32f7xx_hal_dfsdm.o
                0x00000000080024a4                HAL_DFSDM_FilterInit
 .text.HAL_DFSDM_FilterConfigRegChannel
                0x00000000080025dc       0x50 Drivers/STM32F7xx_HAL_Driver/Src/stm32f7xx_hal_dfsdm.o
                0x00000000080025dc                HAL_DFSDM_FilterConfigRegChannel
 .text.DMA_SetConfig
                0x000000000800262c       0x2c Drivers/STM32F7xx_HAL_Driver/Src/stm32f7xx_hal_dma.o
 .text.DMA_CalcBaseAndBitshift
                0x0000000008002658       0x38 Drivers/STM32F7xx_HAL_Driver/Src/stm32f7xx_hal_dma.o
 .text.DMA_CheckFifoParam
                0x0000000008002690       0x90 Drivers/STM32F7xx_HAL_Driver/Src/stm32f7xx_hal_dma.o
 .text.HAL_DMA_Init
                0x0000000008002720       0xd0 Drivers/STM32F7xx_HAL_Driver/Src/stm32f7xx_hal_dma.o
                0x0000000008002720                HAL_DMA_Init
 .text.HAL_DMA_DeInit
                0x00000000080027f0       0x58 Drivers/STM32F7xx_HAL_Driver/Src/stm32f7xx_hal_dma.o
                0x00000000080027f0                HAL_DMA_DeInit
 .text.HAL_DMA_Start_IT
                0x0000000008002848       0x74 Drivers/STM32F7xx_HAL_Driver/Src/stm32f7xx_hal_dma.o
                0x0000000008002848                HAL_DMA_Start_IT
 .text.HAL_DMA_IRQHandler
                0x00000000080028bc      0x1e0 Drivers/STM32F7xx_HAL_Driver/Src/stm32f7xx_hal_dma.o
                0x00000000080028bc                HAL_DMA_IRQHandler
 .text.HAL_GPIO_Init
                0x0000000008002a9c      0x1d4 Drivers/STM32F7xx_HAL_Driver/Src/stm32f7xx_hal_gpio.o
                0x0000000008002a9c                HAL_GPIO_Init
 .text.HAL_GPIO_DeInit
                0x0000000008002c70      0x134 Drivers/STM32F7xx_HAL_Driver/Src/stm32f7xx_hal_gpio.o
                0x0000000008002c70                HAL_GPIO_DeInit
 .text.HAL_GPIO_WritePin
                0x0000000008002da4        0xc Drivers/STM32F7xx_HAL_Driver/Src/stm32f7xx_hal_gpio.o
                0x0000000008002da4                HAL_GPIO_WritePin
 .text.I2C_Flush_TXDR
                0x0000000008002db0       0x24 Drivers/STM32F7xx_HAL_Driver/Src/stm32f7xx_hal_i2c.o
 .text.I2C_TransferConfig
                0x0000000008002dd4       0x24 Drivers/STM32F7xx_HAL_Driver/Src/stm32f7xx_hal_i2c.o
 .text.I2C_IsAcknowledgeFailed
                0x0000000008002df8       0x84 Drivers/STM32F7xx_HAL_Driver/Src/stm32f7xx_hal_i2c.o
 .text.I2C_WaitOnTXISFlagUntilTimeout
                0x0000000008002e7c       0x58 Drivers/STM32F7xx_HAL_Driver/Src/stm32f7xx_hal_i2c.o
 .text.I2C_WaitOnFlagUntilTimeout
                0x0000000008002ed4       0x4c Drivers/STM32F7xx_HAL_Driver/Src/stm32f7xx_hal_i2c.o
 .text.I2C_RequestMemoryWrite
                0x0000000008002f20       0x84 Drivers/STM32F7xx_HAL_Driver/Src/stm32f7xx_hal_i2c.o
 .text.I2C_RequestMemoryRead
                0x0000000008002fa4       0x80 Drivers/STM32F7xx_HAL_Driver/Src/stm32f7xx_hal_i2c.o
 .text.I2C_WaitOnSTOPFlagUntilTimeout
                0x0000000008003024       0x50 Drivers/STM32F7xx_HAL_Driver/Src/stm32f7xx_hal_i2c.o
 .text.HAL_I2C_MspInit
                0x0000000008003074        0x4 Drivers/STM32F7xx_HAL_Driver/Src/stm32f7xx_hal_i2c.o
                0x0000000008003074                HAL_I2C_MspInit
 .text.HAL_I2C_Init
                0x0000000008003078       0xbc Drivers/STM32F7xx_HAL_Driver/Src/stm32f7xx_hal_i2c.o
                0x0000000008003078                HAL_I2C_Init
 .text.HAL_I2C_MspDeInit
                0x0000000008003134        0x4 Drivers/STM32F7xx_HAL_Driver/Src/stm32f7xx_hal_i2c.o
                0x0000000008003134                HAL_I2C_MspDeInit
 .text.HAL_I2C_DeInit
                0x0000000008003138       0x34 Drivers/STM32F7xx_HAL_Driver/Src/stm32f7xx_hal_i2c.o
                0x0000000008003138                HAL_I2C_DeInit
 .text.HAL_I2C_Mem_Write
                0x000000000800316c      0x1c8 Drivers/STM32F7xx_HAL_Driver/Src/stm32f7xx_hal_i2c.o
                0x000000000800316c                HAL_I2C_Mem_Write
 .text.HAL_I2C_Mem_Read
                0x0000000008003334      0x1c4 Drivers/STM32F7xx_HAL_Driver/Src/stm32f7xx_hal_i2c.o
                0x0000000008003334                HAL_I2C_Mem_Read
 .text.HAL_I2C_GetState
                0x00000000080034f8        0x8 Drivers/STM32F7xx_HAL_Driver/Src/stm32f7xx_hal_i2c.o
                0x00000000080034f8                HAL_I2C_GetState
 .text.HAL_PWREx_EnableOverDrive
                0x0000000008003500       0x80 Drivers/STM32F7xx_HAL_Driver/Src/stm32f7xx_hal_pwr_ex.o
                0x0000000008003500                HAL_PWREx_EnableOverDrive
 .text.HAL_RCC_OscConfig
                0x0000000008003580      0x440 Drivers/STM32F7xx_HAL_Driver/Src/stm32f7xx_hal_rcc.o
                0x0000000008003580                HAL_RCC_OscConfig
 .text.HAL_RCC_GetSysClockFreq
                0x00000000080039c0       0xa4 Drivers/STM32F7xx_HAL_Driver/Src/stm32f7xx_hal_rcc.o
                0x00000000080039c0                HAL_RCC_GetSysClockFreq
 .text.HAL_RCC_ClockConfig
                0x0000000008003a64      0x194 Drivers/STM32F7xx_HAL_Driver/Src/stm32f7xx_hal_rcc.o
                0x0000000008003a64                HAL_RCC_ClockConfig
 .text.HAL_RCC_GetHCLKFreq
                0x0000000008003bf8        0xc Drivers/STM32F7xx_HAL_Driver/Src/stm32f7xx_hal_rcc.o
                0x0000000008003bf8                HAL_RCC_GetHCLKFreq
 .text.HAL_RCC_GetPCLK1Freq
                0x0000000008003c04       0x30 Drivers/STM32F7xx_HAL_Driver/Src/stm32f7xx_hal_rcc.o
                0x0000000008003c04                HAL_RCC_GetPCLK1Freq
 .text.HAL_RCC_GetPCLK2Freq
                0x0000000008003c34       0x30 Drivers/STM32F7xx_HAL_Driver/Src/stm32f7xx_hal_rcc.o
                0x0000000008003c34                HAL_RCC_GetPCLK2Freq
 .text.HAL_RCCEx_PeriphCLKConfig
                0x0000000008003c64      0x820 Drivers/STM32F7xx_HAL_Driver/Src/stm32f7xx_hal_rcc_ex.o
                0x0000000008003c64                HAL_RCCEx_PeriphCLKConfig
 .text.HAL_RCCEx_GetPeriphCLKConfig
                0x0000000008004484      0x21c Drivers/STM32F7xx_HAL_Driver/Src/stm32f7xx_hal_rcc_ex.o
                0x0000000008004484                HAL_RCCEx_GetPeriphCLKConfig
 .text.HAL_RCCEx_GetPeriphCLKFreq
                0x00000000080046a0      0x1e4 Drivers/STM32F7xx_HAL_Driver/Src/stm32f7xx_hal_rcc_ex.o
                0x00000000080046a0                HAL_RCCEx_GetPeriphCLKFreq
 .text.SAI_InterruptFlag
                0x0000000008004884       0x34 Drivers/STM32F7xx_HAL_Driver/Src/stm32f7xx_hal_sai.o
 .text.SAI_Disable
                0x00000000080048b8       0x44 Drivers/STM32F7xx_HAL_Driver/Src/stm32f7xx_hal_sai.o
 .text.HAL_SAI_Init
                0x00000000080048fc      0x1e8 Drivers/STM32F7xx_HAL_Driver/Src/stm32f7xx_hal_sai.o
                0x00000000080048fc                HAL_SAI_Init
 .text.HAL_SAI_DeInit
                0x0000000008004ae4       0x44 Drivers/STM32F7xx_HAL_Driver/Src/stm32f7xx_hal_sai.o
                0x0000000008004ae4                HAL_SAI_DeInit
 .text.HAL_SAI_Transmit_DMA
                0x0000000008004b28       0xc0 Drivers/STM32F7xx_HAL_Driver/Src/stm32f7xx_hal_sai.o
                0x0000000008004b28                HAL_SAI_Transmit_DMA
 .text.HAL_SAI_Receive_DMA
                0x0000000008004be8       0xc0 Drivers/STM32F7xx_HAL_Driver/Src/stm32f7xx_hal_sai.o
                0x0000000008004be8                HAL_SAI_Receive_DMA
 .text.SAI_DMATxCplt
                0x0000000008004ca8       0x3c Drivers/STM32F7xx_HAL_Driver/Src/stm32f7xx_hal_sai.o
 .text.SAI_DMATxHalfCplt
                0x0000000008004ce4        0xc Drivers/STM32F7xx_HAL_Driver/Src/stm32f7xx_hal_sai.o
 .text.SAI_DMARxCplt
                0x0000000008004cf0       0x3c Drivers/STM32F7xx_HAL_Driver/Src/stm32f7xx_hal_sai.o
 .text.SAI_DMARxHalfCplt
                0x0000000008004d2c        0xc Drivers/STM32F7xx_HAL_Driver/Src/stm32f7xx_hal_sai.o
 .text.SAI_DMAError
                0x0000000008004d38       0x44 Drivers/STM32F7xx_HAL_Driver/Src/stm32f7xx_hal_sai.o
 .text.HAL_SAI_GetState
                0x0000000008004d7c        0x8 Drivers/STM32F7xx_HAL_Driver/Src/stm32f7xx_hal_sai.o
                0x0000000008004d7c                HAL_SAI_GetState
 .text.UART_WaitOnFlagUntilTimeout
                0x0000000008004d84       0x68 Drivers/STM32F7xx_HAL_Driver/Src/stm32f7xx_hal_uart.o
                0x0000000008004d84                UART_WaitOnFlagUntilTimeout
 .text.HAL_UART_Transmit
                0x0000000008004dec       0xcc Drivers/STM32F7xx_HAL_Driver/Src/stm32f7xx_hal_uart.o
                0x0000000008004dec                HAL_UART_Transmit
 .text.UART_SetConfig
                0x0000000008004eb8      0x364 Drivers/STM32F7xx_HAL_Driver/Src/stm32f7xx_hal_uart.o
                0x0000000008004eb8                UART_SetConfig
 .text.UART_AdvFeatureConfig
                0x000000000800521c       0xc8 Drivers/STM32F7xx_HAL_Driver/Src/stm32f7xx_hal_uart.o
                0x000000000800521c                UART_AdvFeatureConfig
 .text.UART_CheckIdleState
                0x00000000080052e4       0x48 Drivers/STM32F7xx_HAL_Driver/Src/stm32f7xx_hal_uart.o
                0x00000000080052e4                UART_CheckIdleState
 .text.HAL_UART_Init
                0x000000000800532c       0x6c Drivers/STM32F7xx_HAL_Driver/Src/stm32f7xx_hal_uart.o
                0x000000000800532c                HAL_UART_Init
 .text.MX_DFSDM1_Init
                0x0000000008005398       0x48 Src/dfsdm.o
                0x0000000008005398                MX_DFSDM1_Init
 .text.HAL_DFSDM_ChannelMspInit
                0x00000000080053e0       0x70 Src/dfsdm.o
                0x00000000080053e0                HAL_DFSDM_ChannelMspInit
 .text.MX_GPIO_Init
                0x0000000008005450      0x5a0 Src/gpio.o
                0x0000000008005450                MX_GPIO_Init
 .text.CopyBuffer
                0x00000000080059f0       0x1c Src/main.o
 .text.SAIx_In_DeInit
                0x0000000008005a0c       0x34 Src/main.o
 .text.SAI_AUDIO_IN_MspInit
                0x0000000008005a40      0x10c Src/main.o
 .text.SAIx_In_Init
                0x0000000008005b4c       0xfc Src/main.o
 .text.BSP_AUDIO_IN_OUT_Init
                0x0000000008005c48       0x90 Src/main.o
 .text._BSP_AUDIO_OUT_Play
                0x0000000008005cd8       0x38 Src/main.o
 .text.__io_putchar
                0x0000000008005d10       0x24 Src/main.o
                0x0000000008005d10                __io_putchar
 .text.DMA2_Stream4_IRQHandler
                0x0000000008005d34       0x10 Src/main.o
                0x0000000008005d34                DMA2_Stream4_IRQHandler
 .text.DMA2_Stream1_IRQHandler
                0x0000000008005d44       0x10 Src/main.o
                0x0000000008005d44                DMA2_Stream1_IRQHandler
 .text.get_max_val
                0x0000000008005d54       0x74 Src/main.o
                0x0000000008005d54                get_max_val
 .text.BSP_AUDIO_OUT_HalfTransfer_CallBack
                0x0000000008005dc8        0xc Src/main.o
                0x0000000008005dc8                BSP_AUDIO_OUT_HalfTransfer_CallBack
 .text.BSP_AUDIO_IN_TransferComplete_CallBack
                0x0000000008005dd4        0xc Src/main.o
                0x0000000008005dd4                BSP_AUDIO_IN_TransferComplete_CallBack
 .text.BSP_AUDIO_IN_HalfTransfer_CallBack
                0x0000000008005de0        0xc Src/main.o
                0x0000000008005de0                BSP_AUDIO_IN_HalfTransfer_CallBack
 .text.BSP_AUDIO_IN_Error_CallBack
                0x0000000008005dec        0x4 Src/main.o
                0x0000000008005dec                BSP_AUDIO_IN_Error_CallBack
 .text.AUDIO_LOOPBACK
                0x0000000008005df0       0xf0 Src/main.o
                0x0000000008005df0                AUDIO_LOOPBACK
 .text._Error_Handler
                0x0000000008005ee0        0x4 Src/main.o
                0x0000000008005ee0                _Error_Handler
 .text.SystemClock_Config
                0x0000000008005ee4      0x104 Src/main.o
                0x0000000008005ee4                SystemClock_Config
 .text.main     0x0000000008005fe8       0x58 Src/main.o
                0x0000000008005fe8                main
 .text.MX_SAI1_Init
                0x0000000008006040       0x60 Src/sai.o
                0x0000000008006040                MX_SAI1_Init
 .text.HAL_SAI_MspInit
                0x00000000080060a0       0x74 Src/sai.o
                0x00000000080060a0                HAL_SAI_MspInit
 .text.HAL_SAI_MspDeInit
                0x0000000008006114       0x44 Src/sai.o
                0x0000000008006114                HAL_SAI_MspDeInit
 .text.HAL_MspInit
                0x0000000008006158       0x60 Src/stm32f7xx_hal_msp.o
                0x0000000008006158                HAL_MspInit
 .text.SysTick_Handler
                0x00000000080061b8        0xc Src/stm32f7xx_it.o
                0x00000000080061b8                SysTick_Handler
 .text._read    0x00000000080061c4       0x20 Src/syscalls.o
                0x00000000080061c4                _read
 .text._write   0x00000000080061e4       0x1c Src/syscalls.o
                0x00000000080061e4                _write
 .text._sbrk    0x0000000008006200       0x38 Src/syscalls.o
                0x0000000008006200                _sbrk
 .text._close   0x0000000008006238        0x8 Src/syscalls.o
                0x0000000008006238                _close
 .text._fstat   0x0000000008006240        0xc Src/syscalls.o
                0x0000000008006240                _fstat
 .text._isatty  0x000000000800624c        0x4 Src/syscalls.o
                0x000000000800624c                _isatty
 .text._lseek   0x0000000008006250        0x4 Src/syscalls.o
                0x0000000008006250                _lseek
 .text.SystemInit
                0x0000000008006254       0x50 Src/system_stm32f7xx.o
                0x0000000008006254                SystemInit
 .text.MX_USART1_UART_Init
                0x00000000080062a4       0x40 Src/usart.o
                0x00000000080062a4                MX_USART1_UART_Init
 .text.HAL_UART_MspInit
                0x00000000080062e4       0x68 Src/usart.o
                0x00000000080062e4                HAL_UART_MspInit
 .text.Reset_Handler
                0x000000000800634c       0x50 startup/startup_stm32f769xx.o
                0x000000000800634c                Reset_Handler
 .text.Default_Handler
                0x000000000800639c        0x2 startup/startup_stm32f769xx.o
                0x000000000800639c                DMA1_Stream3_IRQHandler
                0x000000000800639c                EXTI2_IRQHandler
                0x000000000800639c                TIM8_CC_IRQHandler
                0x000000000800639c                DebugMon_Handler
                0x000000000800639c                UART8_IRQHandler
                0x000000000800639c                SPI4_IRQHandler
                0x000000000800639c                TIM1_CC_IRQHandler
                0x000000000800639c                DMA2_Stream5_IRQHandler
                0x000000000800639c                HardFault_Handler
                0x000000000800639c                JPEG_IRQHandler
                0x000000000800639c                DMA1_Stream5_IRQHandler
                0x000000000800639c                CAN3_RX1_IRQHandler
                0x000000000800639c                PVD_IRQHandler
                0x000000000800639c                TAMP_STAMP_IRQHandler
                0x000000000800639c                PendSV_Handler
                0x000000000800639c                NMI_Handler
                0x000000000800639c                CAN2_RX1_IRQHandler
                0x000000000800639c                EXTI3_IRQHandler
                0x000000000800639c                TIM8_TRG_COM_TIM14_IRQHandler
                0x000000000800639c                DFSDM1_FLT1_IRQHandler
                0x000000000800639c                TIM1_UP_TIM10_IRQHandler
                0x000000000800639c                TIM8_UP_TIM13_IRQHandler
                0x000000000800639c                I2C3_ER_IRQHandler
                0x000000000800639c                DFSDM1_FLT2_IRQHandler
                0x000000000800639c                EXTI0_IRQHandler
                0x000000000800639c                I2C2_EV_IRQHandler
                0x000000000800639c                DMA1_Stream2_IRQHandler
                0x000000000800639c                CAN1_RX0_IRQHandler
                0x000000000800639c                FPU_IRQHandler
                0x000000000800639c                OTG_HS_WKUP_IRQHandler
                0x000000000800639c                CAN3_SCE_IRQHandler
                0x000000000800639c                UsageFault_Handler
                0x000000000800639c                LTDC_ER_IRQHandler
                0x000000000800639c                CAN2_SCE_IRQHandler
                0x000000000800639c                DMA2_Stream2_IRQHandler
                0x000000000800639c                SPI1_IRQHandler
                0x000000000800639c                TIM6_DAC_IRQHandler
                0x000000000800639c                TIM1_BRK_TIM9_IRQHandler
                0x000000000800639c                DCMI_IRQHandler
                0x000000000800639c                CAN2_RX0_IRQHandler
                0x000000000800639c                DMA2_Stream3_IRQHandler
                0x000000000800639c                SAI2_IRQHandler
                0x000000000800639c                DFSDM1_FLT3_IRQHandler
                0x000000000800639c                USART6_IRQHandler
                0x000000000800639c                CAN3_RX0_IRQHandler
                0x000000000800639c                USART3_IRQHandler
                0x000000000800639c                CAN1_RX1_IRQHandler
                0x000000000800639c                UART5_IRQHandler
                0x000000000800639c                DMA2_Stream0_IRQHandler
                0x000000000800639c                TIM4_IRQHandler
                0x000000000800639c                QUADSPI_IRQHandler
                0x000000000800639c                I2C1_EV_IRQHandler
                0x000000000800639c                DMA1_Stream6_IRQHandler
                0x000000000800639c                DMA1_Stream1_IRQHandler
                0x000000000800639c                UART4_IRQHandler
                0x000000000800639c                TIM3_IRQHandler
                0x000000000800639c                RCC_IRQHandler
                0x000000000800639c                TIM8_BRK_TIM12_IRQHandler
                0x000000000800639c                Default_Handler
                0x000000000800639c                CEC_IRQHandler
                0x000000000800639c                EXTI15_10_IRQHandler
                0x000000000800639c                ADC_IRQHandler
                0x000000000800639c                DMA1_Stream7_IRQHandler
                0x000000000800639c                SPI5_IRQHandler
                0x000000000800639c                TIM7_IRQHandler
                0x000000000800639c                SDMMC1_IRQHandler
                0x000000000800639c                CAN2_TX_IRQHandler
                0x000000000800639c                TIM5_IRQHandler
                0x000000000800639c                DMA2_Stream7_IRQHandler
                0x000000000800639c                I2C3_EV_IRQHandler
                0x000000000800639c                EXTI9_5_IRQHandler
                0x000000000800639c                RTC_WKUP_IRQHandler
                0x000000000800639c                LTDC_IRQHandler
                0x000000000800639c                ETH_WKUP_IRQHandler
                0x000000000800639c                SPDIF_RX_IRQHandler
                0x000000000800639c                SPI2_IRQHandler
                0x000000000800639c                OTG_HS_EP1_IN_IRQHandler
                0x000000000800639c                MemManage_Handler
                0x000000000800639c                DMA1_Stream0_IRQHandler
                0x000000000800639c                CAN1_TX_IRQHandler
                0x000000000800639c                SVC_Handler
                0x000000000800639c                EXTI4_IRQHandler
                0x000000000800639c                RNG_IRQHandler
                0x000000000800639c                DSI_IRQHandler
                0x000000000800639c                ETH_IRQHandler
                0x000000000800639c                OTG_HS_EP1_OUT_IRQHandler
                0x000000000800639c                WWDG_IRQHandler
                0x000000000800639c                SPI6_IRQHandler
                0x000000000800639c                MDIOS_IRQHandler
                0x000000000800639c                I2C4_EV_IRQHandler
                0x000000000800639c                CAN3_TX_IRQHandler
                0x000000000800639c                TIM2_IRQHandler
                0x000000000800639c                OTG_FS_WKUP_IRQHandler
                0x000000000800639c                TIM1_TRG_COM_TIM11_IRQHandler
                0x000000000800639c                OTG_HS_IRQHandler
                0x000000000800639c                DMA2D_IRQHandler
                0x000000000800639c                EXTI1_IRQHandler
                0x000000000800639c                SDMMC2_IRQHandler
                0x000000000800639c                UART7_IRQHandler
                0x000000000800639c                USART2_IRQHandler
                0x000000000800639c                DFSDM1_FLT0_IRQHandler
                0x000000000800639c                I2C2_ER_IRQHandler
                0x000000000800639c                CAN1_SCE_IRQHandler
                0x000000000800639c                FLASH_IRQHandler
                0x000000000800639c                BusFault_Handler
                0x000000000800639c                USART1_IRQHandler
                0x000000000800639c                OTG_FS_IRQHandler
                0x000000000800639c                SPI3_IRQHandler
                0x000000000800639c                DMA1_Stream4_IRQHandler
                0x000000000800639c                I2C1_ER_IRQHandler
                0x000000000800639c                FMC_IRQHandler
                0x000000000800639c                LPTIM1_IRQHandler
                0x000000000800639c                I2C4_ER_IRQHandler
                0x000000000800639c                DMA2_Stream6_IRQHandler
                0x000000000800639c                SAI1_IRQHandler
                0x000000000800639c                RTC_Alarm_IRQHandler
 *fill*         0x000000000800639e        0x2 
 .text.__errno  0x00000000080063a0        0xc /Applications/Ac6/SystemWorkbench.app/Contents/Eclipse/plugins/fr.ac6.mcu.externaltools.arm-none.macos64_1.13.1.201703061524/tools/compiler/bin/../lib/gcc/arm-none-eabi/5.4.1/../../../../arm-none-eabi/lib/armv7e-m/fpu/fpv5-d16/libc_nano.a(lib_a-errno.o)
                0x00000000080063a0                __errno
 .text.__libc_init_array
                0x00000000080063ac       0x4c /Applications/Ac6/SystemWorkbench.app/Contents/Eclipse/plugins/fr.ac6.mcu.externaltools.arm-none.macos64_1.13.1.201703061524/tools/compiler/bin/../lib/gcc/arm-none-eabi/5.4.1/../../../../arm-none-eabi/lib/armv7e-m/fpu/fpv5-d16/libc_nano.a(lib_a-init.o)
                0x00000000080063ac                __libc_init_array
 .text.memset   0x00000000080063f8       0x10 /Applications/Ac6/SystemWorkbench.app/Contents/Eclipse/plugins/fr.ac6.mcu.externaltools.arm-none.macos64_1.13.1.201703061524/tools/compiler/bin/../lib/gcc/arm-none-eabi/5.4.1/../../../../arm-none-eabi/lib/armv7e-m/fpu/fpv5-d16/libc_nano.a(lib_a-memset.o)
                0x00000000080063f8                memset
 .text.printf   0x0000000008006408       0x30 /Applications/Ac6/SystemWorkbench.app/Contents/Eclipse/plugins/fr.ac6.mcu.externaltools.arm-none.macos64_1.13.1.201703061524/tools/compiler/bin/../lib/gcc/arm-none-eabi/5.4.1/../../../../arm-none-eabi/lib/armv7e-m/fpu/fpv5-d16/libc_nano.a(lib_a-printf.o)
                0x0000000008006408                printf
                0x0000000008006408                iprintf
 .text._puts_r  0x0000000008006438       0xb4 /Applications/Ac6/SystemWorkbench.app/Contents/Eclipse/plugins/fr.ac6.mcu.externaltools.arm-none.macos64_1.13.1.201703061524/tools/compiler/bin/../lib/gcc/arm-none-eabi/5.4.1/../../../../arm-none-eabi/lib/armv7e-m/fpu/fpv5-d16/libc_nano.a(lib_a-puts.o)
                0x0000000008006438                _puts_r
 .text.puts     0x00000000080064ec       0x10 /Applications/Ac6/SystemWorkbench.app/Contents/Eclipse/plugins/fr.ac6.mcu.externaltools.arm-none.macos64_1.13.1.201703061524/tools/compiler/bin/../lib/gcc/arm-none-eabi/5.4.1/../../../../arm-none-eabi/lib/armv7e-m/fpu/fpv5-d16/libc_nano.a(lib_a-puts.o)
                0x00000000080064ec                puts
 .text.__swbuf_r
                0x00000000080064fc       0xa8 /Applications/Ac6/SystemWorkbench.app/Contents/Eclipse/plugins/fr.ac6.mcu.externaltools.arm-none.macos64_1.13.1.201703061524/tools/compiler/bin/../lib/gcc/arm-none-eabi/5.4.1/../../../../arm-none-eabi/lib/armv7e-m/fpu/fpv5-d16/libc_nano.a(lib_a-wbuf.o)
                0x00000000080064fc                __swbuf_r
 .text.__swsetup_r
                0x00000000080065a4       0xdc /Applications/Ac6/SystemWorkbench.app/Contents/Eclipse/plugins/fr.ac6.mcu.externaltools.arm-none.macos64_1.13.1.201703061524/tools/compiler/bin/../lib/gcc/arm-none-eabi/5.4.1/../../../../arm-none-eabi/lib/armv7e-m/fpu/fpv5-d16/libc_nano.a(lib_a-wsetup.o)
                0x00000000080065a4                __swsetup_r
 .text.__sflush_r
                0x0000000008006680      0x110 /Applications/Ac6/SystemWorkbench.app/Contents/Eclipse/plugins/fr.ac6.mcu.externaltools.arm-none.macos64_1.13.1.201703061524/tools/compiler/bin/../lib/gcc/arm-none-eabi/5.4.1/../../../../arm-none-eabi/lib/armv7e-m/fpu/fpv5-d16/libc_nano.a(lib_a-fflush.o)
                0x0000000008006680                __sflush_r
 .text._fflush_r
                0x0000000008006790       0x54 /Applications/Ac6/SystemWorkbench.app/Contents/Eclipse/plugins/fr.ac6.mcu.externaltools.arm-none.macos64_1.13.1.201703061524/tools/compiler/bin/../lib/gcc/arm-none-eabi/5.4.1/../../../../arm-none-eabi/lib/armv7e-m/fpu/fpv5-d16/libc_nano.a(lib_a-fflush.o)
                0x0000000008006790                _fflush_r
 .text._cleanup_r
                0x00000000080067e4        0xc /Applications/Ac6/SystemWorkbench.app/Contents/Eclipse/plugins/fr.ac6.mcu.externaltools.arm-none.macos64_1.13.1.201703061524/tools/compiler/bin/../lib/gcc/arm-none-eabi/5.4.1/../../../../arm-none-eabi/lib/armv7e-m/fpu/fpv5-d16/libc_nano.a(lib_a-findfp.o)
                0x00000000080067e4                _cleanup_r
 .text.std.isra.0
                0x00000000080067f0       0x48 /Applications/Ac6/SystemWorkbench.app/Contents/Eclipse/plugins/fr.ac6.mcu.externaltools.arm-none.macos64_1.13.1.201703061524/tools/compiler/bin/../lib/gcc/arm-none-eabi/5.4.1/../../../../arm-none-eabi/lib/armv7e-m/fpu/fpv5-d16/libc_nano.a(lib_a-findfp.o)
 .text.__sfmoreglue
                0x0000000008006838       0x2c /Applications/Ac6/SystemWorkbench.app/Contents/Eclipse/plugins/fr.ac6.mcu.externaltools.arm-none.macos64_1.13.1.201703061524/tools/compiler/bin/../lib/gcc/arm-none-eabi/5.4.1/../../../../arm-none-eabi/lib/armv7e-m/fpu/fpv5-d16/libc_nano.a(lib_a-findfp.o)
                0x0000000008006838                __sfmoreglue
 .text.__sinit  0x0000000008006864       0x60 /Applications/Ac6/SystemWorkbench.app/Contents/Eclipse/plugins/fr.ac6.mcu.externaltools.arm-none.macos64_1.13.1.201703061524/tools/compiler/bin/../lib/gcc/arm-none-eabi/5.4.1/../../../../arm-none-eabi/lib/armv7e-m/fpu/fpv5-d16/libc_nano.a(lib_a-findfp.o)
                0x0000000008006864                __sinit
 .text.__sfp    0x00000000080068c4       0x78 /Applications/Ac6/SystemWorkbench.app/Contents/Eclipse/plugins/fr.ac6.mcu.externaltools.arm-none.macos64_1.13.1.201703061524/tools/compiler/bin/../lib/gcc/arm-none-eabi/5.4.1/../../../../arm-none-eabi/lib/armv7e-m/fpu/fpv5-d16/libc_nano.a(lib_a-findfp.o)
                0x00000000080068c4                __sfp
 .text._fwalk_reent
                0x000000000800693c       0x3c /Applications/Ac6/SystemWorkbench.app/Contents/Eclipse/plugins/fr.ac6.mcu.externaltools.arm-none.macos64_1.13.1.201703061524/tools/compiler/bin/../lib/gcc/arm-none-eabi/5.4.1/../../../../arm-none-eabi/lib/armv7e-m/fpu/fpv5-d16/libc_nano.a(lib_a-fwalk.o)
                0x000000000800693c                _fwalk_reent
 .text.__swhatbuf_r
                0x0000000008006978       0x46 /Applications/Ac6/SystemWorkbench.app/Contents/Eclipse/plugins/fr.ac6.mcu.externaltools.arm-none.macos64_1.13.1.201703061524/tools/compiler/bin/../lib/gcc/arm-none-eabi/5.4.1/../../../../arm-none-eabi/lib/armv7e-m/fpu/fpv5-d16/libc_nano.a(lib_a-makebuf.o)
                0x0000000008006978                __swhatbuf_r
 *fill*         0x00000000080069be        0x2 
 .text.__smakebuf_r
                0x00000000080069c0       0x78 /Applications/Ac6/SystemWorkbench.app/Contents/Eclipse/plugins/fr.ac6.mcu.externaltools.arm-none.macos64_1.13.1.201703061524/tools/compiler/bin/../lib/gcc/arm-none-eabi/5.4.1/../../../../arm-none-eabi/lib/armv7e-m/fpu/fpv5-d16/libc_nano.a(lib_a-makebuf.o)
                0x00000000080069c0                __smakebuf_r
 .text._free_r  0x0000000008006a38       0x9c /Applications/Ac6/SystemWorkbench.app/Contents/Eclipse/plugins/fr.ac6.mcu.externaltools.arm-none.macos64_1.13.1.201703061524/tools/compiler/bin/../lib/gcc/arm-none-eabi/5.4.1/../../../../arm-none-eabi/lib/armv7e-m/fpu/fpv5-d16/libc_nano.a(lib_a-nano-freer.o)
                0x0000000008006a38                _free_r
 .text._malloc_r
                0x0000000008006ad4       0xbc /Applications/Ac6/SystemWorkbench.app/Contents/Eclipse/plugins/fr.ac6.mcu.externaltools.arm-none.macos64_1.13.1.201703061524/tools/compiler/bin/../lib/gcc/arm-none-eabi/5.4.1/../../../../arm-none-eabi/lib/armv7e-m/fpu/fpv5-d16/libc_nano.a(lib_a-nano-mallocr.o)
                0x0000000008006ad4                _malloc_r
 .text.__sfputc_r
                0x0000000008006b90       0x30 /Applications/Ac6/SystemWorkbench.app/Contents/Eclipse/plugins/fr.ac6.mcu.externaltools.arm-none.macos64_1.13.1.201703061524/tools/compiler/bin/../lib/gcc/arm-none-eabi/5.4.1/../../../../arm-none-eabi/lib/armv7e-m/fpu/fpv5-d16/libc_nano.a(lib_a-nano-vfprintf.o)
 .text.__sfputs_r
                0x0000000008006bc0       0x24 /Applications/Ac6/SystemWorkbench.app/Contents/Eclipse/plugins/fr.ac6.mcu.externaltools.arm-none.macos64_1.13.1.201703061524/tools/compiler/bin/../lib/gcc/arm-none-eabi/5.4.1/../../../../arm-none-eabi/lib/armv7e-m/fpu/fpv5-d16/libc_nano.a(lib_a-nano-vfprintf.o)
                0x0000000008006bc0                __sfputs_r
 .text._vfprintf_r
                0x0000000008006be4      0x238 /Applications/Ac6/SystemWorkbench.app/Contents/Eclipse/plugins/fr.ac6.mcu.externaltools.arm-none.macos64_1.13.1.201703061524/tools/compiler/bin/../lib/gcc/arm-none-eabi/5.4.1/../../../../arm-none-eabi/lib/armv7e-m/fpu/fpv5-d16/libc_nano.a(lib_a-nano-vfprintf.o)
                0x0000000008006be4                _vfiprintf_r
                0x0000000008006be4                _vfprintf_r
 .text._printf_common
                0x0000000008006e1c       0xec /Applications/Ac6/SystemWorkbench.app/Contents/Eclipse/plugins/fr.ac6.mcu.externaltools.arm-none.macos64_1.13.1.201703061524/tools/compiler/bin/../lib/gcc/arm-none-eabi/5.4.1/../../../../arm-none-eabi/lib/armv7e-m/fpu/fpv5-d16/libc_nano.a(lib_a-nano-vfprintf_i.o)
                0x0000000008006e1c                _printf_common
 .text._printf_i
                0x0000000008006f08      0x24c /Applications/Ac6/SystemWorkbench.app/Contents/Eclipse/plugins/fr.ac6.mcu.externaltools.arm-none.macos64_1.13.1.201703061524/tools/compiler/bin/../lib/gcc/arm-none-eabi/5.4.1/../../../../arm-none-eabi/lib/armv7e-m/fpu/fpv5-d16/libc_nano.a(lib_a-nano-vfprintf_i.o)
                0x0000000008006f08                _printf_i
 .text._sbrk_r  0x0000000008007154       0x20 /Applications/Ac6/SystemWorkbench.app/Contents/Eclipse/plugins/fr.ac6.mcu.externaltools.arm-none.macos64_1.13.1.201703061524/tools/compiler/bin/../lib/gcc/arm-none-eabi/5.4.1/../../../../arm-none-eabi/lib/armv7e-m/fpu/fpv5-d16/libc_nano.a(lib_a-sbrkr.o)
                0x0000000008007154                _sbrk_r
 .text.__sread  0x0000000008007174       0x22 /Applications/Ac6/SystemWorkbench.app/Contents/Eclipse/plugins/fr.ac6.mcu.externaltools.arm-none.macos64_1.13.1.201703061524/tools/compiler/bin/../lib/gcc/arm-none-eabi/5.4.1/../../../../arm-none-eabi/lib/armv7e-m/fpu/fpv5-d16/libc_nano.a(lib_a-stdio.o)
                0x0000000008007174                __sread
 .text.__swrite
                0x0000000008007196       0x38 /Applications/Ac6/SystemWorkbench.app/Contents/Eclipse/plugins/fr.ac6.mcu.externaltools.arm-none.macos64_1.13.1.201703061524/tools/compiler/bin/../lib/gcc/arm-none-eabi/5.4.1/../../../../arm-none-eabi/lib/armv7e-m/fpu/fpv5-d16/libc_nano.a(lib_a-stdio.o)
                0x0000000008007196                __swrite
 .text.__sseek  0x00000000080071ce       0x24 /Applications/Ac6/SystemWorkbench.app/Contents/Eclipse/plugins/fr.ac6.mcu.externaltools.arm-none.macos64_1.13.1.201703061524/tools/compiler/bin/../lib/gcc/arm-none-eabi/5.4.1/../../../../arm-none-eabi/lib/armv7e-m/fpu/fpv5-d16/libc_nano.a(lib_a-stdio.o)
                0x00000000080071ce                __sseek
 .text.__sclose
                0x00000000080071f2        0x8 /Applications/Ac6/SystemWorkbench.app/Contents/Eclipse/plugins/fr.ac6.mcu.externaltools.arm-none.macos64_1.13.1.201703061524/tools/compiler/bin/../lib/gcc/arm-none-eabi/5.4.1/../../../../arm-none-eabi/lib/armv7e-m/fpu/fpv5-d16/libc_nano.a(lib_a-stdio.o)
                0x00000000080071f2                __sclose
 *fill*         0x00000000080071fa        0x2 
 .text._write_r
                0x00000000080071fc       0x24 /Applications/Ac6/SystemWorkbench.app/Contents/Eclipse/plugins/fr.ac6.mcu.externaltools.arm-none.macos64_1.13.1.201703061524/tools/compiler/bin/../lib/gcc/arm-none-eabi/5.4.1/../../../../arm-none-eabi/lib/armv7e-m/fpu/fpv5-d16/libc_nano.a(lib_a-writer.o)
                0x00000000080071fc                _write_r
 .text._close_r
                0x0000000008007220       0x20 /Applications/Ac6/SystemWorkbench.app/Contents/Eclipse/plugins/fr.ac6.mcu.externaltools.arm-none.macos64_1.13.1.201703061524/tools/compiler/bin/../lib/gcc/arm-none-eabi/5.4.1/../../../../arm-none-eabi/lib/armv7e-m/fpu/fpv5-d16/libc_nano.a(lib_a-closer.o)
                0x0000000008007220                _close_r
 .text._fstat_r
                0x0000000008007240       0x24 /Applications/Ac6/SystemWorkbench.app/Contents/Eclipse/plugins/fr.ac6.mcu.externaltools.arm-none.macos64_1.13.1.201703061524/tools/compiler/bin/../lib/gcc/arm-none-eabi/5.4.1/../../../../arm-none-eabi/lib/armv7e-m/fpu/fpv5-d16/libc_nano.a(lib_a-fstatr.o)
                0x0000000008007240                _fstat_r
 .text._isatty_r
                0x0000000008007264       0x20 /Applications/Ac6/SystemWorkbench.app/Contents/Eclipse/plugins/fr.ac6.mcu.externaltools.arm-none.macos64_1.13.1.201703061524/tools/compiler/bin/../lib/gcc/arm-none-eabi/5.4.1/../../../../arm-none-eabi/lib/armv7e-m/fpu/fpv5-d16/libc_nano.a(lib_a-isattyr.o)
                0x0000000008007264                _isatty_r
 .text._lseek_r
                0x0000000008007284       0x24 /Applications/Ac6/SystemWorkbench.app/Contents/Eclipse/plugins/fr.ac6.mcu.externaltools.arm-none.macos64_1.13.1.201703061524/tools/compiler/bin/../lib/gcc/arm-none-eabi/5.4.1/../../../../arm-none-eabi/lib/armv7e-m/fpu/fpv5-d16/libc_nano.a(lib_a-lseekr.o)
                0x0000000008007284                _lseek_r
 .text.__malloc_lock
                0x00000000080072a8        0x2 /Applications/Ac6/SystemWorkbench.app/Contents/Eclipse/plugins/fr.ac6.mcu.externaltools.arm-none.macos64_1.13.1.201703061524/tools/compiler/bin/../lib/gcc/arm-none-eabi/5.4.1/../../../../arm-none-eabi/lib/armv7e-m/fpu/fpv5-d16/libc_nano.a(lib_a-mlock.o)
                0x00000000080072a8                __malloc_lock
 .text.__malloc_unlock
                0x00000000080072aa        0x2 /Applications/Ac6/SystemWorkbench.app/Contents/Eclipse/plugins/fr.ac6.mcu.externaltools.arm-none.macos64_1.13.1.201703061524/tools/compiler/bin/../lib/gcc/arm-none-eabi/5.4.1/../../../../arm-none-eabi/lib/armv7e-m/fpu/fpv5-d16/libc_nano.a(lib_a-mlock.o)
                0x00000000080072aa                __malloc_unlock
 .text._read_r  0x00000000080072ac       0x24 /Applications/Ac6/SystemWorkbench.app/Contents/Eclipse/plugins/fr.ac6.mcu.externaltools.arm-none.macos64_1.13.1.201703061524/tools/compiler/bin/../lib/gcc/arm-none-eabi/5.4.1/../../../../arm-none-eabi/lib/armv7e-m/fpu/fpv5-d16/libc_nano.a(lib_a-readr.o)
                0x00000000080072ac                _read_r
 *(.glue_7)
 .glue_7        0x00000000080072d0        0x0 linker stubs
 *(.glue_7t)
 .glue_7t       0x00000000080072d0        0x0 linker stubs
 *(.eh_frame)
 .eh_frame      0x00000000080072d0        0x0 /Applications/Ac6/SystemWorkbench.app/Contents/Eclipse/plugins/fr.ac6.mcu.externaltools.arm-none.macos64_1.13.1.201703061524/tools/compiler/bin/../lib/gcc/arm-none-eabi/5.4.1/armv7e-m/fpu/fpv5-d16/crtbegin.o
 *(.init)
 .init          0x00000000080072d0        0x4 /Applications/Ac6/SystemWorkbench.app/Contents/Eclipse/plugins/fr.ac6.mcu.externaltools.arm-none.macos64_1.13.1.201703061524/tools/compiler/bin/../lib/gcc/arm-none-eabi/5.4.1/armv7e-m/fpu/fpv5-d16/crti.o
                0x00000000080072d0                _init
 .init          0x00000000080072d4        0x8 /Applications/Ac6/SystemWorkbench.app/Contents/Eclipse/plugins/fr.ac6.mcu.externaltools.arm-none.macos64_1.13.1.201703061524/tools/compiler/bin/../lib/gcc/arm-none-eabi/5.4.1/armv7e-m/fpu/fpv5-d16/crtn.o
 *(.fini)
 .fini          0x00000000080072dc        0x4 /Applications/Ac6/SystemWorkbench.app/Contents/Eclipse/plugins/fr.ac6.mcu.externaltools.arm-none.macos64_1.13.1.201703061524/tools/compiler/bin/../lib/gcc/arm-none-eabi/5.4.1/armv7e-m/fpu/fpv5-d16/crti.o
                0x00000000080072dc                _fini
 .fini          0x00000000080072e0        0x8 /Applications/Ac6/SystemWorkbench.app/Contents/Eclipse/plugins/fr.ac6.mcu.externaltools.arm-none.macos64_1.13.1.201703061524/tools/compiler/bin/../lib/gcc/arm-none-eabi/5.4.1/armv7e-m/fpu/fpv5-d16/crtn.o
                0x00000000080072e8                . = ALIGN (0x4)
                0x00000000080072e8                _etext = .

.vfp11_veneer   0x00000000080072e8        0x0
 .vfp11_veneer  0x00000000080072e8        0x0 linker stubs

.v4_bx          0x00000000080072e8        0x0
 .v4_bx         0x00000000080072e8        0x0 linker stubs

.iplt           0x00000000080072e8        0x0
 .iplt          0x00000000080072e8        0x0 /Applications/Ac6/SystemWorkbench.app/Contents/Eclipse/plugins/fr.ac6.mcu.externaltools.arm-none.macos64_1.13.1.201703061524/tools/compiler/bin/../lib/gcc/arm-none-eabi/5.4.1/armv7e-m/fpu/fpv5-d16/crtbegin.o

.rodata         0x00000000080072e8      0x1f4
                0x00000000080072e8                . = ALIGN (0x4)
 *(.rodata)
 .rodata        0x00000000080072e8        0x8 Drivers/STM32F7xx_HAL_Driver/Src/stm32f7xx_hal_dma.o
 .rodata        0x00000000080072f0        0x8 Src/main.o
 .rodata        0x00000000080072f8       0x18 Src/system_stm32f7xx.o
                0x00000000080072f8                AHBPrescTable
                0x0000000008007308                APBPrescTable
 *(.rodata*)
 .rodata.str1.4
                0x0000000008007310        0xf Src/dfsdm.o
 *fill*         0x000000000800731f        0x1 
 .rodata.str1.4
                0x0000000008007320      0x103 Src/main.o
                                        0x107 (size before relaxing)
 *fill*         0x0000000008007423        0x1 
 .rodata.str1.4
                0x0000000008007424        0xd Src/sai.o
 *fill*         0x0000000008007431        0x3 
 .rodata.str1.4
                0x0000000008007434       0x10 Src/usart.o
                                          0xf (size before relaxing)
 .rodata._global_impure_ptr
                0x0000000008007444        0x4 /Applications/Ac6/SystemWorkbench.app/Contents/Eclipse/plugins/fr.ac6.mcu.externaltools.arm-none.macos64_1.13.1.201703061524/tools/compiler/bin/../lib/gcc/arm-none-eabi/5.4.1/../../../../arm-none-eabi/lib/armv7e-m/fpu/fpv5-d16/libc_nano.a(lib_a-impure.o)
                0x0000000008007444                _global_impure_ptr
 .rodata.__sf_fake_stdin
                0x0000000008007448       0x20 /Applications/Ac6/SystemWorkbench.app/Contents/Eclipse/plugins/fr.ac6.mcu.externaltools.arm-none.macos64_1.13.1.201703061524/tools/compiler/bin/../lib/gcc/arm-none-eabi/5.4.1/../../../../arm-none-eabi/lib/armv7e-m/fpu/fpv5-d16/libc_nano.a(lib_a-findfp.o)
                0x0000000008007448                __sf_fake_stdin
 .rodata.__sf_fake_stdout
                0x0000000008007468       0x20 /Applications/Ac6/SystemWorkbench.app/Contents/Eclipse/plugins/fr.ac6.mcu.externaltools.arm-none.macos64_1.13.1.201703061524/tools/compiler/bin/../lib/gcc/arm-none-eabi/5.4.1/../../../../arm-none-eabi/lib/armv7e-m/fpu/fpv5-d16/libc_nano.a(lib_a-findfp.o)
                0x0000000008007468                __sf_fake_stdout
 .rodata.__sf_fake_stderr
                0x0000000008007488       0x20 /Applications/Ac6/SystemWorkbench.app/Contents/Eclipse/plugins/fr.ac6.mcu.externaltools.arm-none.macos64_1.13.1.201703061524/tools/compiler/bin/../lib/gcc/arm-none-eabi/5.4.1/../../../../arm-none-eabi/lib/armv7e-m/fpu/fpv5-d16/libc_nano.a(lib_a-findfp.o)
                0x0000000008007488                __sf_fake_stderr
 .rodata.str1.1
                0x00000000080074a8       0x11 /Applications/Ac6/SystemWorkbench.app/Contents/Eclipse/plugins/fr.ac6.mcu.externaltools.arm-none.macos64_1.13.1.201703061524/tools/compiler/bin/../lib/gcc/arm-none-eabi/5.4.1/../../../../arm-none-eabi/lib/armv7e-m/fpu/fpv5-d16/libc_nano.a(lib_a-nano-vfprintf.o)
 .rodata.str1.1
                0x00000000080074b9       0x22 /Applications/Ac6/SystemWorkbench.app/Contents/Eclipse/plugins/fr.ac6.mcu.externaltools.arm-none.macos64_1.13.1.201703061524/tools/compiler/bin/../lib/gcc/arm-none-eabi/5.4.1/../../../../arm-none-eabi/lib/armv7e-m/fpu/fpv5-d16/libc_nano.a(lib_a-nano-vfprintf_i.o)
                0x00000000080074dc                . = ALIGN (0x4)
 *fill*         0x00000000080074db        0x1 

.rel.dyn        0x00000000080074dc        0x0
 .rel.iplt      0x00000000080074dc        0x0 /Applications/Ac6/SystemWorkbench.app/Contents/Eclipse/plugins/fr.ac6.mcu.externaltools.arm-none.macos64_1.13.1.201703061524/tools/compiler/bin/../lib/gcc/arm-none-eabi/5.4.1/armv7e-m/fpu/fpv5-d16/crtbegin.o

.ARM.extab
 *(.ARM.extab* .gnu.linkonce.armextab.*)

.ARM            0x00000000080074dc        0x0
                0x00000000080074dc                __exidx_start = .
 *(.ARM.exidx*)
                0x00000000080074dc                __exidx_end = .

.preinit_array  0x00000000080074dc        0x0
                0x00000000080074dc                PROVIDE (__preinit_array_start, .)
 *(.preinit_array*)
                0x00000000080074dc                PROVIDE (__preinit_array_end, .)

.init_array     0x00000000080074dc        0x4
                0x00000000080074dc                PROVIDE (__init_array_start, .)
 *(SORT(.init_array.*))
 *(.init_array*)
 .init_array    0x00000000080074dc        0x4 /Applications/Ac6/SystemWorkbench.app/Contents/Eclipse/plugins/fr.ac6.mcu.externaltools.arm-none.macos64_1.13.1.201703061524/tools/compiler/bin/../lib/gcc/arm-none-eabi/5.4.1/armv7e-m/fpu/fpv5-d16/crtbegin.o
                0x00000000080074e0                PROVIDE (__init_array_end, .)

.fini_array     0x00000000080074e0        0x4
                [!provide]                        PROVIDE (__fini_array_start, .)
 *(SORT(.fini_array.*))
 *(.fini_array*)
 .fini_array    0x00000000080074e0        0x4 /Applications/Ac6/SystemWorkbench.app/Contents/Eclipse/plugins/fr.ac6.mcu.externaltools.arm-none.macos64_1.13.1.201703061524/tools/compiler/bin/../lib/gcc/arm-none-eabi/5.4.1/armv7e-m/fpu/fpv5-d16/crtbegin.o
                [!provide]                        PROVIDE (__fini_array_end, .)
                0x00000000080074e4                _sidata = LOADADDR (.data)

.data           0x0000000020000000       0xb0 load address 0x00000000080074e4
                0x0000000020000000                . = ALIGN (0x4)
                0x0000000020000000                _sdata = .
 *(.data)
 .data          0x0000000020000000       0x30 Drivers/BSP/Components/wm8994/wm8994.o
                0x0000000020000000                wm8994_drv
 .data          0x0000000020000030       0x14 Drivers/BSP/STM32F769I-Discovery/stm32f769i_discovery.o
                0x0000000020000030                GPIO_PIN
                0x0000000020000038                GPIO_PORT
                0x0000000020000040                BUTTON_PORT
 .data          0x0000000020000044        0x1 Drivers/BSP/STM32F769I-Discovery/stm32f769i_discovery_audio.o
 *fill*         0x0000000020000045        0x3 
 .data          0x0000000020000048        0x4 Src/system_stm32f7xx.o
                0x0000000020000048                SystemCoreClock
 *(.data*)
 .data.impure_data
                0x000000002000004c       0x60 /Applications/Ac6/SystemWorkbench.app/Contents/Eclipse/plugins/fr.ac6.mcu.externaltools.arm-none.macos64_1.13.1.201703061524/tools/compiler/bin/../lib/gcc/arm-none-eabi/5.4.1/../../../../arm-none-eabi/lib/armv7e-m/fpu/fpv5-d16/libc_nano.a(lib_a-impure.o)
 .data._impure_ptr
                0x00000000200000ac        0x4 /Applications/Ac6/SystemWorkbench.app/Contents/Eclipse/plugins/fr.ac6.mcu.externaltools.arm-none.macos64_1.13.1.201703061524/tools/compiler/bin/../lib/gcc/arm-none-eabi/5.4.1/../../../../arm-none-eabi/lib/armv7e-m/fpu/fpv5-d16/libc_nano.a(lib_a-impure.o)
                0x00000000200000ac                _impure_ptr
                0x00000000200000b0                . = ALIGN (0x4)
                0x00000000200000b0                _edata = .

.jcr            0x00000000200000b0        0x0 load address 0x0000000008007594
 .jcr           0x00000000200000b0        0x0 /Applications/Ac6/SystemWorkbench.app/Contents/Eclipse/plugins/fr.ac6.mcu.externaltools.arm-none.macos64_1.13.1.201703061524/tools/compiler/bin/../lib/gcc/arm-none-eabi/5.4.1/armv7e-m/fpu/fpv5-d16/crtbegin.o

.igot.plt       0x00000000200000b0        0x0 load address 0x0000000008007594
 .igot.plt      0x00000000200000b0        0x0 /Applications/Ac6/SystemWorkbench.app/Contents/Eclipse/plugins/fr.ac6.mcu.externaltools.arm-none.macos64_1.13.1.201703061524/tools/compiler/bin/../lib/gcc/arm-none-eabi/5.4.1/armv7e-m/fpu/fpv5-d16/crtbegin.o
                0x00000000200000b0                . = ALIGN (0x4)

.bss            0x00000000200000b0     0x485c load address 0x0000000008007594
                0x00000000200000b0                _sbss = .
                0x00000000200000b0                __bss_start__ = _sbss
 *(.bss)
 .bss           0x00000000200000b0       0x1c /Applications/Ac6/SystemWorkbench.app/Contents/Eclipse/plugins/fr.ac6.mcu.externaltools.arm-none.macos64_1.13.1.201703061524/tools/compiler/bin/../lib/gcc/arm-none-eabi/5.4.1/armv7e-m/fpu/fpv5-d16/crtbegin.o
 .bss           0x00000000200000cc        0x8 Drivers/BSP/Components/wm8994/wm8994.o
 .bss           0x00000000200000d4       0x98 Drivers/BSP/STM32F769I-Discovery/stm32f769i_discovery.o
 .bss           0x000000002000016c      0x100 Drivers/BSP/STM32F769I-Discovery/stm32f769i_discovery_audio.o
 .bss           0x000000002000026c       0x24 Drivers/STM32F7xx_HAL_Driver/Src/stm32f7xx_hal_dfsdm.o
                0x000000002000026c                a_dfsdm1ChannelHandle
                0x000000002000028c                v_dfsdm1ChannelCounter
 .bss           0x0000000020000290        0x4 Src/dfsdm.o
 .bss           0x0000000020000294       0x68 Src/main.o
                0x00000000200002f8                audio_tx_buffer_state
 .bss           0x00000000200002fc        0x4 Src/sai.o
 .bss           0x0000000020000300        0x8 Src/syscalls.o
                0x0000000020000304                __env
 *(.bss*)
 .bss.__malloc_sbrk_start
                0x0000000020000308        0x4 /Applications/Ac6/SystemWorkbench.app/Contents/Eclipse/plugins/fr.ac6.mcu.externaltools.arm-none.macos64_1.13.1.201703061524/tools/compiler/bin/../lib/gcc/arm-none-eabi/5.4.1/../../../../arm-none-eabi/lib/armv7e-m/fpu/fpv5-d16/libc_nano.a(lib_a-nano-mallocr.o)
                0x0000000020000308                __malloc_sbrk_start
 .bss.__malloc_free_list
                0x000000002000030c        0x4 /Applications/Ac6/SystemWorkbench.app/Contents/Eclipse/plugins/fr.ac6.mcu.externaltools.arm-none.macos64_1.13.1.201703061524/tools/compiler/bin/../lib/gcc/arm-none-eabi/5.4.1/../../../../arm-none-eabi/lib/armv7e-m/fpu/fpv5-d16/libc_nano.a(lib_a-nano-mallocr.o)
                0x000000002000030c                __malloc_free_list
 *(COMMON)
 COMMON         0x0000000020000310      0x4c4 Drivers/BSP/STM32F769I-Discovery/stm32f769i_discovery_audio.o
                0x0000000020000310                hAudioInButtomRightFilter
                0x0000000020000364                haudio_in_sai
                0x00000000200003e8                hDmaButtomLeft
                0x0000000020000448                haudio_out_sai
                0x00000000200004cc                hAudioInTopLeftFilter
                0x0000000020000520                hAudioIn
                0x0000000020000528                hDmaTopRight
                0x0000000020000588                audio_drv
                0x000000002000058c                hDmaTopLeft
                0x00000000200005ec                hAudioInTopLeftChannel
                0x0000000020000624                hAudioInTopRightChannel
                0x000000002000065c                hAudioInButtomLeftFilter
                0x00000000200006b0                hAudioInButtomRightChannel
                0x00000000200006e8                hAudioInTopRightFilter
                0x000000002000073c                hAudioInButtomLeftChannel
                0x0000000020000774                hDmaButtomRight
 COMMON         0x00000000200007d4        0x4 Drivers/STM32F7xx_HAL_Driver/Src/stm32f7xx_hal.o
                0x00000000200007d4                uwTick
 COMMON         0x00000000200007d8       0x38 Src/dfsdm.o
                0x00000000200007d8                hdfsdm1_channel0
 COMMON         0x0000000020000810     0x4004 Src/main.o
                0x0000000020000810                RecordBuffer
                0x0000000020002810                PlaybackBuffer
                0x0000000020004810                audio_rec_buffer_state
 COMMON         0x0000000020004814       0x84 Src/sai.o
                0x0000000020004814                hsai_BlockA1
 COMMON         0x0000000020004898       0x70 Src/usart.o
                0x0000000020004898                huart1
 COMMON         0x0000000020004908        0x4 /Applications/Ac6/SystemWorkbench.app/Contents/Eclipse/plugins/fr.ac6.mcu.externaltools.arm-none.macos64_1.13.1.201703061524/tools/compiler/bin/../lib/gcc/arm-none-eabi/5.4.1/../../../../arm-none-eabi/lib/armv7e-m/fpu/fpv5-d16/libc_nano.a(lib_a-reent.o)
                0x0000000020004908                errno
                0x000000002000490c                . = ALIGN (0x4)
                0x000000002000490c                _ebss = .
                0x000000002000490c                __bss_end__ = _ebss

._user_heap_stack
                0x000000002000490c      0x604 load address 0x0000000008007594
                0x0000000020004910                . = ALIGN (0x8)
 *fill*         0x000000002000490c        0x4 
                0x0000000020004910                PROVIDE (end, .)
                [!provide]                        PROVIDE (_end, .)
                0x0000000020004b10                . = (. + _Min_Heap_Size)
 *fill*         0x0000000020004910      0x200 
                0x0000000020004f10                . = (. + _Min_Stack_Size)
 *fill*         0x0000000020004b10      0x400 
                0x0000000020004f10                . = ALIGN (0x8)

/DISCARD/
 libc.a(*)
 libm.a(*)
 libgcc.a(*)

.ARM.attributes
                0x0000000000000000       0x2e
 *(.ARM.attributes)
 .ARM.attributes
                0x0000000000000000       0x20 /Applications/Ac6/SystemWorkbench.app/Contents/Eclipse/plugins/fr.ac6.mcu.externaltools.arm-none.macos64_1.13.1.201703061524/tools/compiler/bin/../lib/gcc/arm-none-eabi/5.4.1/armv7e-m/fpu/fpv5-d16/crti.o
 .ARM.attributes
                0x0000000000000020       0x32 /Applications/Ac6/SystemWorkbench.app/Contents/Eclipse/plugins/fr.ac6.mcu.externaltools.arm-none.macos64_1.13.1.201703061524/tools/compiler/bin/../lib/gcc/arm-none-eabi/5.4.1/armv7e-m/fpu/fpv5-d16/crtbegin.o
 .ARM.attributes
                0x0000000000000052       0x37 Drivers/BSP/Components/wm8994/wm8994.o
 .ARM.attributes
                0x0000000000000089       0x37 Drivers/BSP/STM32F769I-Discovery/stm32f769i_discovery.o
 .ARM.attributes
                0x00000000000000c0       0x37 Drivers/BSP/STM32F769I-Discovery/stm32f769i_discovery_audio.o
 .ARM.attributes
                0x00000000000000f7       0x37 Drivers/STM32F7xx_HAL_Driver/Src/stm32f7xx_hal.o
 .ARM.attributes
                0x000000000000012e       0x37 Drivers/STM32F7xx_HAL_Driver/Src/stm32f7xx_hal_cortex.o
 .ARM.attributes
                0x0000000000000165       0x37 Drivers/STM32F7xx_HAL_Driver/Src/stm32f7xx_hal_dfsdm.o
 .ARM.attributes
                0x000000000000019c       0x37 Drivers/STM32F7xx_HAL_Driver/Src/stm32f7xx_hal_dma.o
 .ARM.attributes
                0x00000000000001d3       0x37 Drivers/STM32F7xx_HAL_Driver/Src/stm32f7xx_hal_gpio.o
 .ARM.attributes
                0x000000000000020a       0x37 Drivers/STM32F7xx_HAL_Driver/Src/stm32f7xx_hal_i2c.o
 .ARM.attributes
                0x0000000000000241       0x37 Drivers/STM32F7xx_HAL_Driver/Src/stm32f7xx_hal_pwr_ex.o
 .ARM.attributes
                0x0000000000000278       0x37 Drivers/STM32F7xx_HAL_Driver/Src/stm32f7xx_hal_rcc.o
 .ARM.attributes
                0x00000000000002af       0x37 Drivers/STM32F7xx_HAL_Driver/Src/stm32f7xx_hal_rcc_ex.o
 .ARM.attributes
                0x00000000000002e6       0x37 Drivers/STM32F7xx_HAL_Driver/Src/stm32f7xx_hal_sai.o
 .ARM.attributes
                0x000000000000031d       0x37 Drivers/STM32F7xx_HAL_Driver/Src/stm32f7xx_hal_uart.o
 .ARM.attributes
                0x0000000000000354       0x37 Src/dfsdm.o
 .ARM.attributes
                0x000000000000038b       0x37 Src/gpio.o
 .ARM.attributes
                0x00000000000003c2       0x37 Src/main.o
 .ARM.attributes
                0x00000000000003f9       0x37 Src/sai.o
 .ARM.attributes
                0x0000000000000430       0x37 Src/stm32f7xx_hal_msp.o
 .ARM.attributes
                0x0000000000000467       0x37 Src/stm32f7xx_it.o
 .ARM.attributes
                0x000000000000049e       0x37 Src/syscalls.o
 .ARM.attributes
                0x00000000000004d5       0x37 Src/system_stm32f7xx.o
 .ARM.attributes
                0x000000000000050c       0x37 Src/usart.o
 .ARM.attributes
                0x0000000000000543       0x21 startup/startup_stm32f769xx.o
 .ARM.attributes
                0x0000000000000564       0x32 /Applications/Ac6/SystemWorkbench.app/Contents/Eclipse/plugins/fr.ac6.mcu.externaltools.arm-none.macos64_1.13.1.201703061524/tools/compiler/bin/../lib/gcc/arm-none-eabi/5.4.1/../../../../arm-none-eabi/lib/armv7e-m/fpu/fpv5-d16/libc_nano.a(lib_a-errno.o)
 .ARM.attributes
                0x0000000000000596       0x32 /Applications/Ac6/SystemWorkbench.app/Contents/Eclipse/plugins/fr.ac6.mcu.externaltools.arm-none.macos64_1.13.1.201703061524/tools/compiler/bin/../lib/gcc/arm-none-eabi/5.4.1/../../../../arm-none-eabi/lib/armv7e-m/fpu/fpv5-d16/libc_nano.a(lib_a-impure.o)
 .ARM.attributes
                0x00000000000005c8       0x32 /Applications/Ac6/SystemWorkbench.app/Contents/Eclipse/plugins/fr.ac6.mcu.externaltools.arm-none.macos64_1.13.1.201703061524/tools/compiler/bin/../lib/gcc/arm-none-eabi/5.4.1/../../../../arm-none-eabi/lib/armv7e-m/fpu/fpv5-d16/libc_nano.a(lib_a-init.o)
 .ARM.attributes
                0x00000000000005fa       0x32 /Applications/Ac6/SystemWorkbench.app/Contents/Eclipse/plugins/fr.ac6.mcu.externaltools.arm-none.macos64_1.13.1.201703061524/tools/compiler/bin/../lib/gcc/arm-none-eabi/5.4.1/../../../../arm-none-eabi/lib/armv7e-m/fpu/fpv5-d16/libc_nano.a(lib_a-memset.o)
 .ARM.attributes
                0x000000000000062c       0x32 /Applications/Ac6/SystemWorkbench.app/Contents/Eclipse/plugins/fr.ac6.mcu.externaltools.arm-none.macos64_1.13.1.201703061524/tools/compiler/bin/../lib/gcc/arm-none-eabi/5.4.1/../../../../arm-none-eabi/lib/armv7e-m/fpu/fpv5-d16/libc_nano.a(lib_a-printf.o)
 .ARM.attributes
                0x000000000000065e       0x32 /Applications/Ac6/SystemWorkbench.app/Contents/Eclipse/plugins/fr.ac6.mcu.externaltools.arm-none.macos64_1.13.1.201703061524/tools/compiler/bin/../lib/gcc/arm-none-eabi/5.4.1/../../../../arm-none-eabi/lib/armv7e-m/fpu/fpv5-d16/libc_nano.a(lib_a-puts.o)
 .ARM.attributes
                0x0000000000000690       0x32 /Applications/Ac6/SystemWorkbench.app/Contents/Eclipse/plugins/fr.ac6.mcu.externaltools.arm-none.macos64_1.13.1.201703061524/tools/compiler/bin/../lib/gcc/arm-none-eabi/5.4.1/../../../../arm-none-eabi/lib/armv7e-m/fpu/fpv5-d16/libc_nano.a(lib_a-wbuf.o)
 .ARM.attributes
                0x00000000000006c2       0x32 /Applications/Ac6/SystemWorkbench.app/Contents/Eclipse/plugins/fr.ac6.mcu.externaltools.arm-none.macos64_1.13.1.201703061524/tools/compiler/bin/../lib/gcc/arm-none-eabi/5.4.1/../../../../arm-none-eabi/lib/armv7e-m/fpu/fpv5-d16/libc_nano.a(lib_a-wsetup.o)
 .ARM.attributes
                0x00000000000006f4       0x32 /Applications/Ac6/SystemWorkbench.app/Contents/Eclipse/plugins/fr.ac6.mcu.externaltools.arm-none.macos64_1.13.1.201703061524/tools/compiler/bin/../lib/gcc/arm-none-eabi/5.4.1/../../../../arm-none-eabi/lib/armv7e-m/fpu/fpv5-d16/libc_nano.a(lib_a-fflush.o)
 .ARM.attributes
                0x0000000000000726       0x32 /Applications/Ac6/SystemWorkbench.app/Contents/Eclipse/plugins/fr.ac6.mcu.externaltools.arm-none.macos64_1.13.1.201703061524/tools/compiler/bin/../lib/gcc/arm-none-eabi/5.4.1/../../../../arm-none-eabi/lib/armv7e-m/fpu/fpv5-d16/libc_nano.a(lib_a-findfp.o)
 .ARM.attributes
                0x0000000000000758       0x32 /Applications/Ac6/SystemWorkbench.app/Contents/Eclipse/plugins/fr.ac6.mcu.externaltools.arm-none.macos64_1.13.1.201703061524/tools/compiler/bin/../lib/gcc/arm-none-eabi/5.4.1/../../../../arm-none-eabi/lib/armv7e-m/fpu/fpv5-d16/libc_nano.a(lib_a-fwalk.o)
 .ARM.attributes
                0x000000000000078a       0x32 /Applications/Ac6/SystemWorkbench.app/Contents/Eclipse/plugins/fr.ac6.mcu.externaltools.arm-none.macos64_1.13.1.201703061524/tools/compiler/bin/../lib/gcc/arm-none-eabi/5.4.1/../../../../arm-none-eabi/lib/armv7e-m/fpu/fpv5-d16/libc_nano.a(lib_a-makebuf.o)
 .ARM.attributes
                0x00000000000007bc       0x32 /Applications/Ac6/SystemWorkbench.app/Contents/Eclipse/plugins/fr.ac6.mcu.externaltools.arm-none.macos64_1.13.1.201703061524/tools/compiler/bin/../lib/gcc/arm-none-eabi/5.4.1/../../../../arm-none-eabi/lib/armv7e-m/fpu/fpv5-d16/libc_nano.a(lib_a-nano-freer.o)
 .ARM.attributes
                0x00000000000007ee       0x32 /Applications/Ac6/SystemWorkbench.app/Contents/Eclipse/plugins/fr.ac6.mcu.externaltools.arm-none.macos64_1.13.1.201703061524/tools/compiler/bin/../lib/gcc/arm-none-eabi/5.4.1/../../../../arm-none-eabi/lib/armv7e-m/fpu/fpv5-d16/libc_nano.a(lib_a-nano-mallocr.o)
 .ARM.attributes
                0x0000000000000820       0x32 /Applications/Ac6/SystemWorkbench.app/Contents/Eclipse/plugins/fr.ac6.mcu.externaltools.arm-none.macos64_1.13.1.201703061524/tools/compiler/bin/../lib/gcc/arm-none-eabi/5.4.1/../../../../arm-none-eabi/lib/armv7e-m/fpu/fpv5-d16/libc_nano.a(lib_a-nano-vfprintf.o)
 .ARM.attributes
                0x0000000000000852       0x32 /Applications/Ac6/SystemWorkbench.app/Contents/Eclipse/plugins/fr.ac6.mcu.externaltools.arm-none.macos64_1.13.1.201703061524/tools/compiler/bin/../lib/gcc/arm-none-eabi/5.4.1/../../../../arm-none-eabi/lib/armv7e-m/fpu/fpv5-d16/libc_nano.a(lib_a-nano-vfprintf_i.o)
 .ARM.attributes
                0x0000000000000884       0x32 /Applications/Ac6/SystemWorkbench.app/Contents/Eclipse/plugins/fr.ac6.mcu.externaltools.arm-none.macos64_1.13.1.201703061524/tools/compiler/bin/../lib/gcc/arm-none-eabi/5.4.1/../../../../arm-none-eabi/lib/armv7e-m/fpu/fpv5-d16/libc_nano.a(lib_a-sbrkr.o)
 .ARM.attributes
                0x00000000000008b6       0x32 /Applications/Ac6/SystemWorkbench.app/Contents/Eclipse/plugins/fr.ac6.mcu.externaltools.arm-none.macos64_1.13.1.201703061524/tools/compiler/bin/../lib/gcc/arm-none-eabi/5.4.1/../../../../arm-none-eabi/lib/armv7e-m/fpu/fpv5-d16/libc_nano.a(lib_a-stdio.o)
 .ARM.attributes
                0x00000000000008e8       0x32 /Applications/Ac6/SystemWorkbench.app/Contents/Eclipse/plugins/fr.ac6.mcu.externaltools.arm-none.macos64_1.13.1.201703061524/tools/compiler/bin/../lib/gcc/arm-none-eabi/5.4.1/../../../../arm-none-eabi/lib/armv7e-m/fpu/fpv5-d16/libc_nano.a(lib_a-writer.o)
 .ARM.attributes
                0x000000000000091a       0x32 /Applications/Ac6/SystemWorkbench.app/Contents/Eclipse/plugins/fr.ac6.mcu.externaltools.arm-none.macos64_1.13.1.201703061524/tools/compiler/bin/../lib/gcc/arm-none-eabi/5.4.1/../../../../arm-none-eabi/lib/armv7e-m/fpu/fpv5-d16/libc_nano.a(lib_a-closer.o)
 .ARM.attributes
                0x000000000000094c       0x32 /Applications/Ac6/SystemWorkbench.app/Contents/Eclipse/plugins/fr.ac6.mcu.externaltools.arm-none.macos64_1.13.1.201703061524/tools/compiler/bin/../lib/gcc/arm-none-eabi/5.4.1/../../../../arm-none-eabi/lib/armv7e-m/fpu/fpv5-d16/libc_nano.a(lib_a-fstatr.o)
 .ARM.attributes
                0x000000000000097e       0x32 /Applications/Ac6/SystemWorkbench.app/Contents/Eclipse/plugins/fr.ac6.mcu.externaltools.arm-none.macos64_1.13.1.201703061524/tools/compiler/bin/../lib/gcc/arm-none-eabi/5.4.1/../../../../arm-none-eabi/lib/armv7e-m/fpu/fpv5-d16/libc_nano.a(lib_a-isattyr.o)
 .ARM.attributes
                0x00000000000009b0       0x32 /Applications/Ac6/SystemWorkbench.app/Contents/Eclipse/plugins/fr.ac6.mcu.externaltools.arm-none.macos64_1.13.1.201703061524/tools/compiler/bin/../lib/gcc/arm-none-eabi/5.4.1/../../../../arm-none-eabi/lib/armv7e-m/fpu/fpv5-d16/libc_nano.a(lib_a-lseekr.o)
 .ARM.attributes
                0x00000000000009e2       0x1e /Applications/Ac6/SystemWorkbench.app/Contents/Eclipse/plugins/fr.ac6.mcu.externaltools.arm-none.macos64_1.13.1.201703061524/tools/compiler/bin/../lib/gcc/arm-none-eabi/5.4.1/../../../../arm-none-eabi/lib/armv7e-m/fpu/fpv5-d16/libc_nano.a(lib_a-memchr.o)
 .ARM.attributes
                0x0000000000000a00       0x32 /Applications/Ac6/SystemWorkbench.app/Contents/Eclipse/plugins/fr.ac6.mcu.externaltools.arm-none.macos64_1.13.1.201703061524/tools/compiler/bin/../lib/gcc/arm-none-eabi/5.4.1/../../../../arm-none-eabi/lib/armv7e-m/fpu/fpv5-d16/libc_nano.a(lib_a-mlock.o)
 .ARM.attributes
                0x0000000000000a32       0x32 /Applications/Ac6/SystemWorkbench.app/Contents/Eclipse/plugins/fr.ac6.mcu.externaltools.arm-none.macos64_1.13.1.201703061524/tools/compiler/bin/../lib/gcc/arm-none-eabi/5.4.1/../../../../arm-none-eabi/lib/armv7e-m/fpu/fpv5-d16/libc_nano.a(lib_a-readr.o)
 .ARM.attributes
                0x0000000000000a64       0x32 /Applications/Ac6/SystemWorkbench.app/Contents/Eclipse/plugins/fr.ac6.mcu.externaltools.arm-none.macos64_1.13.1.201703061524/tools/compiler/bin/../lib/gcc/arm-none-eabi/5.4.1/../../../../arm-none-eabi/lib/armv7e-m/fpu/fpv5-d16/libc_nano.a(lib_a-reent.o)
 .ARM.attributes
                0x0000000000000a96       0x20 /Applications/Ac6/SystemWorkbench.app/Contents/Eclipse/plugins/fr.ac6.mcu.externaltools.arm-none.macos64_1.13.1.201703061524/tools/compiler/bin/../lib/gcc/arm-none-eabi/5.4.1/armv7e-m/fpu/fpv5-d16/crtn.o
OUTPUT(audio_pass-through.elf elf32-littlearm)

.debug_info     0x0000000000000000    0x1975f
 .debug_info    0x0000000000000000     0x1ad3 Drivers/BSP/Components/wm8994/wm8994.o
 .debug_info    0x0000000000001ad3     0x1bca Drivers/BSP/STM32F769I-Discovery/stm32f769i_discovery.o
 .debug_info    0x000000000000369d     0x2e8c Drivers/BSP/STM32F769I-Discovery/stm32f769i_discovery_audio.o
 .debug_info    0x0000000000006529      0x96f Drivers/STM32F7xx_HAL_Driver/Src/stm32f7xx_hal.o
 .debug_info    0x0000000000006e98     0x1177 Drivers/STM32F7xx_HAL_Driver/Src/stm32f7xx_hal_cortex.o
 .debug_info    0x000000000000800f     0x23ea Drivers/STM32F7xx_HAL_Driver/Src/stm32f7xx_hal_dfsdm.o
 .debug_info    0x000000000000a3f9      0xa64 Drivers/STM32F7xx_HAL_Driver/Src/stm32f7xx_hal_dma.o
 .debug_info    0x000000000000ae5d      0x75e Drivers/STM32F7xx_HAL_Driver/Src/stm32f7xx_hal_gpio.o
 .debug_info    0x000000000000b5bb     0x318f Drivers/STM32F7xx_HAL_Driver/Src/stm32f7xx_hal_i2c.o
 .debug_info    0x000000000000e74a      0x9e5 Drivers/STM32F7xx_HAL_Driver/Src/stm32f7xx_hal_pwr_ex.o
 .debug_info    0x000000000000f12f      0xd5c Drivers/STM32F7xx_HAL_Driver/Src/stm32f7xx_hal_rcc.o
 .debug_info    0x000000000000fe8b     0x1010 Drivers/STM32F7xx_HAL_Driver/Src/stm32f7xx_hal_rcc_ex.o
 .debug_info    0x0000000000010e9b     0x15a4 Drivers/STM32F7xx_HAL_Driver/Src/stm32f7xx_hal_sai.o
 .debug_info    0x000000000001243f     0x1806 Drivers/STM32F7xx_HAL_Driver/Src/stm32f7xx_hal_uart.o
 .debug_info    0x0000000000013c45      0x75c Src/dfsdm.o
 .debug_info    0x00000000000143a1      0xadf Src/gpio.o
 .debug_info    0x0000000000014e80     0x1f75 Src/main.o
 .debug_info    0x0000000000016df5      0xaae Src/sai.o
 .debug_info    0x00000000000178a3      0x49c Src/stm32f7xx_hal_msp.o
 .debug_info    0x0000000000017d3f       0xeb Src/stm32f7xx_it.o
 .debug_info    0x0000000000017e2a      0x76f Src/syscalls.o
 .debug_info    0x0000000000018599      0x6e9 Src/system_stm32f7xx.o
 .debug_info    0x0000000000018c82      0xa4c Src/usart.o
 .debug_info    0x00000000000196ce       0x91 startup/startup_stm32f769xx.o

.debug_abbrev   0x0000000000000000     0x2e10
 .debug_abbrev  0x0000000000000000      0x19e Drivers/BSP/Components/wm8994/wm8994.o
 .debug_abbrev  0x000000000000019e      0x2dc Drivers/BSP/STM32F769I-Discovery/stm32f769i_discovery.o
 .debug_abbrev  0x000000000000047a      0x2c8 Drivers/BSP/STM32F769I-Discovery/stm32f769i_discovery_audio.o
 .debug_abbrev  0x0000000000000742      0x1d3 Drivers/STM32F7xx_HAL_Driver/Src/stm32f7xx_hal.o
 .debug_abbrev  0x0000000000000915      0x2fe Drivers/STM32F7xx_HAL_Driver/Src/stm32f7xx_hal_cortex.o
 .debug_abbrev  0x0000000000000c13      0x2b2 Drivers/STM32F7xx_HAL_Driver/Src/stm32f7xx_hal_dfsdm.o
 .debug_abbrev  0x0000000000000ec5      0x28e Drivers/STM32F7xx_HAL_Driver/Src/stm32f7xx_hal_dma.o
 .debug_abbrev  0x0000000000001153      0x1cd Drivers/STM32F7xx_HAL_Driver/Src/stm32f7xx_hal_gpio.o
 .debug_abbrev  0x0000000000001320      0x226 Drivers/STM32F7xx_HAL_Driver/Src/stm32f7xx_hal_i2c.o
 .debug_abbrev  0x0000000000001546      0x1e3 Drivers/STM32F7xx_HAL_Driver/Src/stm32f7xx_hal_pwr_ex.o
 .debug_abbrev  0x0000000000001729      0x276 Drivers/STM32F7xx_HAL_Driver/Src/stm32f7xx_hal_rcc.o
 .debug_abbrev  0x000000000000199f      0x21b Drivers/STM32F7xx_HAL_Driver/Src/stm32f7xx_hal_rcc_ex.o
 .debug_abbrev  0x0000000000001bba      0x297 Drivers/STM32F7xx_HAL_Driver/Src/stm32f7xx_hal_sai.o
 .debug_abbrev  0x0000000000001e51      0x251 Drivers/STM32F7xx_HAL_Driver/Src/stm32f7xx_hal_uart.o
 .debug_abbrev  0x00000000000020a2      0x182 Src/dfsdm.o
 .debug_abbrev  0x0000000000002224      0x130 Src/gpio.o
 .debug_abbrev  0x0000000000002354      0x337 Src/main.o
 .debug_abbrev  0x000000000000268b      0x1af Src/sai.o
 .debug_abbrev  0x000000000000283a       0xc2 Src/stm32f7xx_hal_msp.o
 .debug_abbrev  0x00000000000028fc       0x99 Src/stm32f7xx_it.o
 .debug_abbrev  0x0000000000002995      0x1a1 Src/syscalls.o
 .debug_abbrev  0x0000000000002b36      0x120 Src/system_stm32f7xx.o
 .debug_abbrev  0x0000000000002c56      0x1a8 Src/usart.o
 .debug_abbrev  0x0000000000002dfe       0x12 startup/startup_stm32f769xx.o

.debug_loc      0x0000000000000000     0xc5a8
 .debug_loc     0x0000000000000000      0xa6d Drivers/BSP/Components/wm8994/wm8994.o
 .debug_loc     0x0000000000000a6d      0x955 Drivers/BSP/STM32F769I-Discovery/stm32f769i_discovery.o
 .debug_loc     0x00000000000013c2      0x9b2 Drivers/BSP/STM32F769I-Discovery/stm32f769i_discovery_audio.o
 .debug_loc     0x0000000000001d74       0x6a Drivers/STM32F7xx_HAL_Driver/Src/stm32f7xx_hal.o
 .debug_loc     0x0000000000001dde      0x53a Drivers/STM32F7xx_HAL_Driver/Src/stm32f7xx_hal_cortex.o
 .debug_loc     0x0000000000002318     0x202c Drivers/STM32F7xx_HAL_Driver/Src/stm32f7xx_hal_dfsdm.o
 .debug_loc     0x0000000000004344      0xa7f Drivers/STM32F7xx_HAL_Driver/Src/stm32f7xx_hal_dma.o
 .debug_loc     0x0000000000004dc3      0x38f Drivers/STM32F7xx_HAL_Driver/Src/stm32f7xx_hal_gpio.o
 .debug_loc     0x0000000000005152     0x3327 Drivers/STM32F7xx_HAL_Driver/Src/stm32f7xx_hal_i2c.o
 .debug_loc     0x0000000000008479      0x262 Drivers/STM32F7xx_HAL_Driver/Src/stm32f7xx_hal_pwr_ex.o
 .debug_loc     0x00000000000086db      0x67b Drivers/STM32F7xx_HAL_Driver/Src/stm32f7xx_hal_rcc.o
 .debug_loc     0x0000000000008d56      0x962 Drivers/STM32F7xx_HAL_Driver/Src/stm32f7xx_hal_rcc_ex.o
 .debug_loc     0x00000000000096b8     0x128a Drivers/STM32F7xx_HAL_Driver/Src/stm32f7xx_hal_sai.o
 .debug_loc     0x000000000000a942     0x148b Drivers/STM32F7xx_HAL_Driver/Src/stm32f7xx_hal_uart.o
 .debug_loc     0x000000000000bdcd       0x4d Src/dfsdm.o
 .debug_loc     0x000000000000be1a      0x220 Src/main.o
 .debug_loc     0x000000000000c03a       0x4d Src/sai.o
 .debug_loc     0x000000000000c087      0x3a2 Src/syscalls.o
 .debug_loc     0x000000000000c429      0x132 Src/system_stm32f7xx.o
 .debug_loc     0x000000000000c55b       0x4d Src/usart.o

.debug_aranges  0x0000000000000000     0x1158
 .debug_aranges
                0x0000000000000000       0x80 Drivers/BSP/Components/wm8994/wm8994.o
 .debug_aranges
                0x0000000000000080      0x130 Drivers/BSP/STM32F769I-Discovery/stm32f769i_discovery.o
 .debug_aranges
                0x00000000000001b0      0x1b8 Drivers/BSP/STM32F769I-Discovery/stm32f769i_discovery_audio.o
 .debug_aranges
                0x0000000000000368       0xe0 Drivers/STM32F7xx_HAL_Driver/Src/stm32f7xx_hal.o
 .debug_aranges
                0x0000000000000448       0xa8 Drivers/STM32F7xx_HAL_Driver/Src/stm32f7xx_hal_cortex.o
 .debug_aranges
                0x00000000000004f0      0x248 Drivers/STM32F7xx_HAL_Driver/Src/stm32f7xx_hal_dfsdm.o
 .debug_aranges
                0x0000000000000738       0x90 Drivers/STM32F7xx_HAL_Driver/Src/stm32f7xx_hal_dma.o
 .debug_aranges
                0x00000000000007c8       0x58 Drivers/STM32F7xx_HAL_Driver/Src/stm32f7xx_hal_gpio.o
 .debug_aranges
                0x0000000000000820      0x260 Drivers/STM32F7xx_HAL_Driver/Src/stm32f7xx_hal_i2c.o
 .debug_aranges
                0x0000000000000a80       0x80 Drivers/STM32F7xx_HAL_Driver/Src/stm32f7xx_hal_pwr_ex.o
 .debug_aranges
                0x0000000000000b00       0x88 Drivers/STM32F7xx_HAL_Driver/Src/stm32f7xx_hal_rcc.o
 .debug_aranges
                0x0000000000000b88       0x30 Drivers/STM32F7xx_HAL_Driver/Src/stm32f7xx_hal_rcc_ex.o
 .debug_aranges
                0x0000000000000bb8      0x178 Drivers/STM32F7xx_HAL_Driver/Src/stm32f7xx_hal_sai.o
 .debug_aranges
                0x0000000000000d30      0x190 Drivers/STM32F7xx_HAL_Driver/Src/stm32f7xx_hal_uart.o
 .debug_aranges
                0x0000000000000ec0       0x30 Src/dfsdm.o
 .debug_aranges
                0x0000000000000ef0       0x20 Src/gpio.o
 .debug_aranges
                0x0000000000000f10       0xa8 Src/main.o
 .debug_aranges
                0x0000000000000fb8       0x30 Src/sai.o
 .debug_aranges
                0x0000000000000fe8       0x20 Src/stm32f7xx_hal_msp.o
 .debug_aranges
                0x0000000000001008       0x20 Src/stm32f7xx_it.o
 .debug_aranges
                0x0000000000001028       0xb0 Src/syscalls.o
 .debug_aranges
                0x00000000000010d8       0x28 Src/system_stm32f7xx.o
 .debug_aranges
                0x0000000000001100       0x30 Src/usart.o
 .debug_aranges
                0x0000000000001130       0x28 startup/startup_stm32f769xx.o

.debug_ranges   0x0000000000000000      0xfe0
 .debug_ranges  0x0000000000000000       0x70 Drivers/BSP/Components/wm8994/wm8994.o
 .debug_ranges  0x0000000000000070      0x120 Drivers/BSP/STM32F769I-Discovery/stm32f769i_discovery.o
 .debug_ranges  0x0000000000000190      0x1a8 Drivers/BSP/STM32F769I-Discovery/stm32f769i_discovery_audio.o
 .debug_ranges  0x0000000000000338       0xd0 Drivers/STM32F7xx_HAL_Driver/Src/stm32f7xx_hal.o
 .debug_ranges  0x0000000000000408       0x98 Drivers/STM32F7xx_HAL_Driver/Src/stm32f7xx_hal_cortex.o
 .debug_ranges  0x00000000000004a0      0x238 Drivers/STM32F7xx_HAL_Driver/Src/stm32f7xx_hal_dfsdm.o
 .debug_ranges  0x00000000000006d8       0x80 Drivers/STM32F7xx_HAL_Driver/Src/stm32f7xx_hal_dma.o
 .debug_ranges  0x0000000000000758       0x48 Drivers/STM32F7xx_HAL_Driver/Src/stm32f7xx_hal_gpio.o
 .debug_ranges  0x00000000000007a0      0x250 Drivers/STM32F7xx_HAL_Driver/Src/stm32f7xx_hal_i2c.o
 .debug_ranges  0x00000000000009f0       0x70 Drivers/STM32F7xx_HAL_Driver/Src/stm32f7xx_hal_pwr_ex.o
 .debug_ranges  0x0000000000000a60       0x78 Drivers/STM32F7xx_HAL_Driver/Src/stm32f7xx_hal_rcc.o
 .debug_ranges  0x0000000000000ad8       0x20 Drivers/STM32F7xx_HAL_Driver/Src/stm32f7xx_hal_rcc_ex.o
 .debug_ranges  0x0000000000000af8      0x168 Drivers/STM32F7xx_HAL_Driver/Src/stm32f7xx_hal_sai.o
 .debug_ranges  0x0000000000000c60      0x180 Drivers/STM32F7xx_HAL_Driver/Src/stm32f7xx_hal_uart.o
 .debug_ranges  0x0000000000000de0       0x20 Src/dfsdm.o
 .debug_ranges  0x0000000000000e00       0x10 Src/gpio.o
 .debug_ranges  0x0000000000000e10       0x98 Src/main.o
 .debug_ranges  0x0000000000000ea8       0x20 Src/sai.o
 .debug_ranges  0x0000000000000ec8       0x10 Src/stm32f7xx_hal_msp.o
 .debug_ranges  0x0000000000000ed8       0x10 Src/stm32f7xx_it.o
 .debug_ranges  0x0000000000000ee8       0xa0 Src/syscalls.o
 .debug_ranges  0x0000000000000f88       0x18 Src/system_stm32f7xx.o
 .debug_ranges  0x0000000000000fa0       0x20 Src/usart.o
 .debug_ranges  0x0000000000000fc0       0x20 startup/startup_stm32f769xx.o

.debug_macro    0x0000000000000000    0x300a6
 .debug_macro   0x0000000000000000       0x81 Drivers/BSP/Components/wm8994/wm8994.o
 .debug_macro   0x0000000000000081      0x8a4 Drivers/BSP/Components/wm8994/wm8994.o
 .debug_macro   0x0000000000000925       0x22 Drivers/BSP/Components/wm8994/wm8994.o
 .debug_macro   0x0000000000000947       0x87 Drivers/BSP/Components/wm8994/wm8994.o
 .debug_macro   0x00000000000009ce       0x44 Drivers/BSP/Components/wm8994/wm8994.o
 .debug_macro   0x0000000000000a12       0xfd Drivers/BSP/Components/wm8994/wm8994.o
 .debug_macro   0x0000000000000b0f       0x5e Drivers/BSP/Components/wm8994/wm8994.o
 .debug_macro   0x0000000000000b6d      0x1df Drivers/BSP/Components/wm8994/wm8994.o
 .debug_macro   0x0000000000000d4c       0x10 Drivers/BSP/Components/wm8994/wm8994.o
 .debug_macro   0x0000000000000d5c       0xbe Drivers/BSP/Components/wm8994/wm8994.o
 .debug_macro   0x0000000000000e1a      0x34d Drivers/BSP/STM32F769I-Discovery/stm32f769i_discovery.o
 .debug_macro   0x0000000000001167      0x84a Drivers/BSP/STM32F769I-Discovery/stm32f769i_discovery.o
 .debug_macro   0x00000000000019b1      0x185 Drivers/BSP/STM32F769I-Discovery/stm32f769i_discovery.o
 .debug_macro   0x0000000000001b36       0x2e Drivers/BSP/STM32F769I-Discovery/stm32f769i_discovery.o
 .debug_macro   0x0000000000001b64       0x3b Drivers/BSP/STM32F769I-Discovery/stm32f769i_discovery.o
 .debug_macro   0x0000000000001b9f       0x35 Drivers/BSP/STM32F769I-Discovery/stm32f769i_discovery.o
 .debug_macro   0x0000000000001bd4       0x50 Drivers/BSP/STM32F769I-Discovery/stm32f769i_discovery.o
 .debug_macro   0x0000000000001c24     0x1114 Drivers/BSP/STM32F769I-Discovery/stm32f769i_discovery.o
 .debug_macro   0x0000000000002d38    0x1f9e8 Drivers/BSP/STM32F769I-Discovery/stm32f769i_discovery.o
 .debug_macro   0x0000000000022720       0x43 Drivers/BSP/STM32F769I-Discovery/stm32f769i_discovery.o
 .debug_macro   0x0000000000022763     0x35c8 Drivers/BSP/STM32F769I-Discovery/stm32f769i_discovery.o
 .debug_macro   0x0000000000025d2b       0x52 Drivers/BSP/STM32F769I-Discovery/stm32f769i_discovery.o
 .debug_macro   0x0000000000025d7d       0x35 Drivers/BSP/STM32F769I-Discovery/stm32f769i_discovery.o
 .debug_macro   0x0000000000025db2       0x9c Drivers/BSP/STM32F769I-Discovery/stm32f769i_discovery.o
 .debug_macro   0x0000000000025e4e       0x16 Drivers/BSP/STM32F769I-Discovery/stm32f769i_discovery.o
 .debug_macro   0x0000000000025e64       0x97 Drivers/BSP/STM32F769I-Discovery/stm32f769i_discovery.o
 .debug_macro   0x0000000000025efb      0x30d Drivers/BSP/STM32F769I-Discovery/stm32f769i_discovery.o
 .debug_macro   0x0000000000026208       0xfd Drivers/BSP/STM32F769I-Discovery/stm32f769i_discovery.o